
> build
> cross-env NODE_OPTIONS=--max-old-space-size=4096 vite build

[36mvite v6.3.3 [32mbuilding for production...[36m[39m
transforming...
[32mΓ£ô[39m 3267 modules transformed.
rendering chunks...
computing gzip size...
[2mpublic/build/[22m[32massets/layers-BWBAp2CZ.png                                      [39m[1m[2m  0.70 kB[22m[1m[22m
[2mpublic/build/[22m[32massets/layers-2x-Bpkbi35X.png                                   [39m[1m[2m  1.26 kB[22m[1m[22m
[2mpublic/build/[22m[32massets/marker-icon-hN30_KVU.png                                 [39m[1m[2m  1.47 kB[22m[1m[22m
[2mpublic/build/[22m[32massets/worker-BAOIWoxA.js                                       [39m[1m[2m  2.53 kB[22m[1m[22m
[2mpublic/build/[22m[32mmanifest.json                                                   [39m[1m[2m464.48 kB[22m[1m[22m[2m Γöé gzip:  31.64 kB[22m
[2mpublic/build/[22m[35massets/Show-tn0RQdqM.css                                        [39m[1m[2m  0.00 kB[22m[1m[22m[2m Γöé gzip:   0.02 kB[22m
[2mpublic/build/[22m[35massets/DashboardFilterBar-J-LsHEJy.css                          [39m[1m[2m  0.04 kB[22m[1m[22m[2m Γöé gzip:   0.06 kB[22m
[2mpublic/build/[22m[35massets/DashboardStatusPie-Cp6vdQJo.css                          [39m[1m[2m  0.04 kB[22m[1m[22m[2m Γöé gzip:   0.06 kB[22m
[2mpublic/build/[22m[35massets/DashboardTrendLine-DZm-BlYT.css                          [39m[1m[2m  0.04 kB[22m[1m[22m[2m Γöé gzip:   0.06 kB[22m
[2mpublic/build/[22m[35massets/DashboardBarOutlet-Dltzectc.css                          [39m[1m[2m  0.04 kB[22m[1m[22m[2m Γöé gzip:   0.06 kB[22m
[2mpublic/build/[22m[35massets/DashboardLeaderboard-BktVlVn_.css                        [39m[1m[2m  0.04 kB[22m[1m[22m[2m Γöé gzip:   0.06 kB[22m
[2mpublic/build/[22m[35massets/DashboardHeatmap-CfRaCGRn.css                            [39m[1m[2m  0.04 kB[22m[1m[22m[2m Γöé gzip:   0.06 kB[22m
[2mpublic/build/[22m[35massets/DashboardMemberBar-C7r0XANZ.css                          [39m[1m[2m  0.04 kB[22m[1m[22m[2m Γöé gzip:   0.06 kB[22m
[2mpublic/build/[22m[35massets/DashboardCategoryDonut-Wxuaz3gK.css                      [39m[1m[2m  0.04 kB[22m[1m[22m[2m Γöé gzip:   0.06 kB[22m
[2mpublic/build/[22m[35massets/DashboardPriorityDonut-BdEY_75d.css                      [39m[1m[2m  0.04 kB[22m[1m[22m[2m Γöé gzip:   0.06 kB[22m
[2mpublic/build/[22m[35massets/DashboardPolarChart-Boc72CbL.css                         [39m[1m[2m  0.04 kB[22m[1m[22m[2m Γöé gzip:   0.06 kB[22m
[2mpublic/build/[22m[35massets/DashboardRadialBar-CMUUQT5E.css                          [39m[1m[2m  0.04 kB[22m[1m[22m[2m Γöé gzip:   0.06 kB[22m
[2mpublic/build/[22m[35massets/ItemBarcodeModal-BHsdshcD.css                            [39m[1m[2m  0.05 kB[22m[1m[22m[2m Γöé gzip:   0.07 kB[22m
[2mpublic/build/[22m[35massets/PurchaseOrderTypeModal-COZm9GzN.css                      [39m[1m[2m  0.06 kB[22m[1m[22m[2m Γöé gzip:   0.08 kB[22m
[2mpublic/build/[22m[35massets/PickLocationMapModal-BoPakMly.css                        [39m[1m[2m  0.06 kB[22m[1m[22m[2m Γöé gzip:   0.07 kB[22m
[2mpublic/build/[22m[35massets/OutletMapModal-Qjc1GqXy.css                              [39m[1m[2m  0.06 kB[22m[1m[22m[2m Γöé gzip:   0.07 kB[22m
[2mpublic/build/[22m[35massets/Dashboard-W-bb1ah1.css                                   [39m[1m[2m  0.07 kB[22m[1m[22m[2m Γöé gzip:   0.09 kB[22m
[2mpublic/build/[22m[35massets/Index-CAAaLaxV.css                                       [39m[1m[2m  0.08 kB[22m[1m[22m[2m Γöé gzip:   0.09 kB[22m
[2mpublic/build/[22m[35massets/Index-Bt4XbAoz.css                                       [39m[1m[2m  0.08 kB[22m[1m[22m[2m Γöé gzip:   0.09 kB[22m
[2mpublic/build/[22m[35massets/Index-BOP9iFNr.css                                       [39m[1m[2m  0.08 kB[22m[1m[22m[2m Γöé gzip:   0.09 kB[22m
[2mpublic/build/[22m[35massets/Index-DKGMqbJY.css                                       [39m[1m[2m  0.08 kB[22m[1m[22m[2m Γöé gzip:   0.09 kB[22m
[2mpublic/build/[22m[35massets/Index-DGihYNCQ.css                                       [39m[1m[2m  0.08 kB[22m[1m[22m[2m Γöé gzip:   0.09 kB[22m
[2mpublic/build/[22m[35massets/Index-DwMmH4oO.css                                       [39m[1m[2m  0.08 kB[22m[1m[22m[2m Γöé gzip:   0.09 kB[22m
[2mpublic/build/[22m[35massets/Index-CsieNYGJ.css                                       [39m[1m[2m  0.08 kB[22m[1m[22m[2m Γöé gzip:   0.09 kB[22m
[2mpublic/build/[22m[35massets/Index-aRnqkPI-.css                                       [39m[1m[2m  0.08 kB[22m[1m[22m[2m Γöé gzip:   0.09 kB[22m
[2mpublic/build/[22m[35massets/Index-BY0vUv1D.css                                       [39m[1m[2m  0.08 kB[22m[1m[22m[2m Γöé gzip:   0.09 kB[22m
[2mpublic/build/[22m[35massets/Index-_FbxxOlZ.css                                       [39m[1m[2m  0.08 kB[22m[1m[22m[2m Γöé gzip:   0.09 kB[22m
[2mpublic/build/[22m[35massets/Index-DmdKPJyu.css                                       [39m[1m[2m  0.08 kB[22m[1m[22m[2m Γöé gzip:   0.09 kB[22m
[2mpublic/build/[22m[35massets/Index-BqlYniR5.css                                       [39m[1m[2m  0.08 kB[22m[1m[22m[2m Γöé gzip:   0.09 kB[22m
[2mpublic/build/[22m[35massets/Index-CRK8kzJm.css                                       [39m[1m[2m  0.08 kB[22m[1m[22m[2m Γöé gzip:   0.09 kB[22m
[2mpublic/build/[22m[35massets/Index-DEr74Lab.css                                       [39m[1m[2m  0.08 kB[22m[1m[22m[2m Γöé gzip:   0.09 kB[22m
[2mpublic/build/[22m[35massets/Index-B6hmX6k7.css                                       [39m[1m[2m  0.08 kB[22m[1m[22m[2m Γöé gzip:   0.09 kB[22m
[2mpublic/build/[22m[35massets/Index-xKk2wlMC.css                                       [39m[1m[2m  0.08 kB[22m[1m[22m[2m Γöé gzip:   0.09 kB[22m
[2mpublic/build/[22m[35massets/PurchaseRequisitionListModal-BDcm1ukj.css                [39m[1m[2m  0.10 kB[22m[1m[22m[2m Γöé gzip:   0.11 kB[22m
[2mpublic/build/[22m[35massets/PurchaseOrderListModal-C-Rl67SU.css                      [39m[1m[2m  0.10 kB[22m[1m[22m[2m Γöé gzip:   0.11 kB[22m
[2mpublic/build/[22m[35massets/PurchaseRequisitionForm-DDB_ypxe.css                     [39m[1m[2m  0.11 kB[22m[1m[22m[2m Γöé gzip:   0.11 kB[22m
[2mpublic/build/[22m[35massets/Index-B-89vfkI.css                                       [39m[1m[2m  0.12 kB[22m[1m[22m[2m Γöé gzip:   0.11 kB[22m
[2mpublic/build/[22m[35massets/Index-B_SpLLWc.css                                       [39m[1m[2m  0.12 kB[22m[1m[22m[2m Γöé gzip:   0.11 kB[22m
[2mpublic/build/[22m[35massets/Show-C624iNzb.css                                        [39m[1m[2m  0.12 kB[22m[1m[22m[2m Γöé gzip:   0.11 kB[22m
[2mpublic/build/[22m[35massets/AllDoneTasksModal-CRdildWa.css                           [39m[1m[2m  0.12 kB[22m[1m[22m[2m Γöé gzip:   0.12 kB[22m
[2mpublic/build/[22m[35massets/AllTasksModal-CYupjCYK.css                               [39m[1m[2m  0.12 kB[22m[1m[22m[2m Γöé gzip:   0.12 kB[22m
[2mpublic/build/[22m[35massets/DashboardOverdueTable-Cl1_un-9.css                       [39m[1m[2m  0.12 kB[22m[1m[22m[2m Γöé gzip:   0.12 kB[22m
[2mpublic/build/[22m[35massets/DashboardTaskTable-BnJAiPbe.css                          [39m[1m[2m  0.12 kB[22m[1m[22m[2m Γöé gzip:   0.12 kB[22m
[2mpublic/build/[22m[35massets/DoneTasksTable-9cMp5yGn.css                              [39m[1m[2m  0.12 kB[22m[1m[22m[2m Γöé gzip:   0.12 kB[22m
[2mpublic/build/[22m[35massets/OutletSummary-DVxPWdZY.css                               [39m[1m[2m  0.13 kB[22m[1m[22m[2m Γöé gzip:   0.11 kB[22m
[2mpublic/build/[22m[35massets/Create-ElBogFSP.css                                      [39m[1m[2m  0.14 kB[22m[1m[22m[2m Γöé gzip:   0.12 kB[22m
[2mpublic/build/[22m[35massets/Show-CQLiwRB0.css                                        [39m[1m[2m  0.14 kB[22m[1m[22m[2m Γöé gzip:   0.12 kB[22m
[2mpublic/build/[22m[35massets/PrintBarcodes-BBduaoaY.css                               [39m[1m[2m  0.14 kB[22m[1m[22m[2m Γöé gzip:   0.12 kB[22m
[2mpublic/build/[22m[35massets/KanbanBoard-De-InSGc.css                                 [39m[1m[2m  0.15 kB[22m[1m[22m[2m Γöé gzip:   0.15 kB[22m
[2mpublic/build/[22m[35massets/Index-B3QdZ5gA.css                                       [39m[1m[2m  0.15 kB[22m[1m[22m[2m Γöé gzip:   0.13 kB[22m
[2mpublic/build/[22m[35massets/CreateTaskModal-DrtaMBlc.css                             [39m[1m[2m  0.16 kB[22m[1m[22m[2m Γöé gzip:   0.13 kB[22m
[2mpublic/build/[22m[35massets/EodModal-Bh1UfGYi.css                                    [39m[1m[2m  0.16 kB[22m[1m[22m[2m Γöé gzip:   0.13 kB[22m
[2mpublic/build/[22m[35massets/PerModeModal-VW-mqZy6.css                                [39m[1m[2m  0.16 kB[22m[1m[22m[2m Γöé gzip:   0.13 kB[22m
[2mpublic/build/[22m[35massets/Index-BJ67iKqc.css                                       [39m[1m[2m  0.17 kB[22m[1m[22m[2m Γöé gzip:   0.15 kB[22m
[2mpublic/build/[22m[35massets/Show-9rkCyLJ4.css                                        [39m[1m[2m  0.17 kB[22m[1m[22m[2m Γöé gzip:   0.15 kB[22m
[2mpublic/build/[22m[35massets/Show-C9nkcxqY.css                                        [39m[1m[2m  0.17 kB[22m[1m[22m[2m Γöé gzip:   0.13 kB[22m
[2mpublic/build/[22m[35massets/Form-DCnIh_Wb.css                                        [39m[1m[2m  0.17 kB[22m[1m[22m[2m Γöé gzip:   0.13 kB[22m
[2mpublic/build/[22m[35massets/CreateFromDO-xPN3EhQN.css                                [39m[1m[2m  0.17 kB[22m[1m[22m[2m Γöé gzip:   0.13 kB[22m
[2mpublic/build/[22m[35massets/Report-BgHzCHYH.css                                      [39m[1m[2m  0.18 kB[22m[1m[22m[2m Γöé gzip:   0.14 kB[22m
[2mpublic/build/[22m[35massets/Report-A7pjQDBT.css                                      [39m[1m[2m  0.18 kB[22m[1m[22m[2m Γöé gzip:   0.14 kB[22m
[2mpublic/build/[22m[35massets/FormModal-DkLygZ2r.css                                   [39m[1m[2m  0.19 kB[22m[1m[22m[2m Γöé gzip:   0.16 kB[22m
[2mpublic/build/[22m[35massets/PrintPreviewModal-BKNqrTrh.css                           [39m[1m[2m  0.19 kB[22m[1m[22m[2m Γöé gzip:   0.13 kB[22m
[2mpublic/build/[22m[35massets/Index-BLeDgDVv.css                                       [39m[1m[2m  0.20 kB[22m[1m[22m[2m Γöé gzip:   0.13 kB[22m
[2mpublic/build/[22m[35massets/AnnouncementEditModal-scbfon9R.css                       [39m[1m[2m  0.20 kB[22m[1m[22m[2m Γöé gzip:   0.16 kB[22m
[2mpublic/build/[22m[35massets/CategoryFormModal-DFaSasVw.css                           [39m[1m[2m  0.20 kB[22m[1m[22m[2m Γöé gzip:   0.15 kB[22m
[2mpublic/build/[22m[35massets/CustomerFormModal-C_kH-XyA.css                           [39m[1m[2m  0.20 kB[22m[1m[22m[2m Γöé gzip:   0.15 kB[22m
[2mpublic/build/[22m[35massets/DataLevelFormModal-CSjg_XqS.css                          [39m[1m[2m  0.20 kB[22m[1m[22m[2m Γöé gzip:   0.16 kB[22m
[2mpublic/build/[22m[35massets/JabatanFormModal-oXnZKuI6.css                            [39m[1m[2m  0.20 kB[22m[1m[22m[2m Γöé gzip:   0.16 kB[22m
[2mpublic/build/[22m[35massets/MenuTypeFormModal-13QhW2US.css                           [39m[1m[2m  0.20 kB[22m[1m[22m[2m Γöé gzip:   0.16 kB[22m
[2mpublic/build/[22m[35massets/ModifierOptionFormModal-3SV3w0XN.css                     [39m[1m[2m  0.20 kB[22m[1m[22m[2m Γöé gzip:   0.16 kB[22m
[2mpublic/build/[22m[35massets/ModifierFormModal-BWjprYJs.css                           [39m[1m[2m  0.20 kB[22m[1m[22m[2m Γöé gzip:   0.16 kB[22m
[2mpublic/build/[22m[35massets/OutletFormModal-CrNQ5VMg.css                             [39m[1m[2m  0.20 kB[22m[1m[22m[2m Γöé gzip:   0.16 kB[22m
[2mpublic/build/[22m[35massets/RegionFormModal-wAKV6WjF.css                             [39m[1m[2m  0.20 kB[22m[1m[22m[2m Γöé gzip:   0.16 kB[22m
[2mpublic/build/[22m[35massets/SubCategoryFormModal-DzZD4Kxr.css                        [39m[1m[2m  0.20 kB[22m[1m[22m[2m Γöé gzip:   0.16 kB[22m
[2mpublic/build/[22m[35massets/SupplierFormModal-BhREnFoH.css                           [39m[1m[2m  0.20 kB[22m[1m[22m[2m Γöé gzip:   0.16 kB[22m
[2mpublic/build/[22m[35massets/UnitFormModal-CbvEPhll.css                               [39m[1m[2m  0.20 kB[22m[1m[22m[2m Γöé gzip:   0.16 kB[22m
[2mpublic/build/[22m[35massets/UserFormModal-Cz3gNsrv.css                               [39m[1m[2m  0.20 kB[22m[1m[22m[2m Γöé gzip:   0.16 kB[22m
[2mpublic/build/[22m[35massets/WarehouseDivisionFormModal-BPyZ4WD9.css                  [39m[1m[2m  0.20 kB[22m[1m[22m[2m Γöé gzip:   0.15 kB[22m
[2mpublic/build/[22m[35massets/WarehouseFormModal-BVlp37vU.css                          [39m[1m[2m  0.20 kB[22m[1m[22m[2m Γöé gzip:   0.16 kB[22m
[2mpublic/build/[22m[35massets/TimelineModal-BkFV0o-i.css                               [39m[1m[2m  0.22 kB[22m[1m[22m[2m Γöé gzip:   0.12 kB[22m
[2mpublic/build/[22m[35massets/AnnouncementDetailModal-BEgFPrz4.css                     [39m[1m[2m  0.22 kB[22m[1m[22m[2m Γöé gzip:   0.17 kB[22m
[2mpublic/build/[22m[35massets/ProfileUpdateModal-tYij1XiE.css                          [39m[1m[2m  0.22 kB[22m[1m[22m[2m Γöé gzip:   0.17 kB[22m
[2mpublic/build/[22m[35massets/OutletDashboard-CuWXpFLo.css                             [39m[1m[2m  0.22 kB[22m[1m[22m[2m Γöé gzip:   0.17 kB[22m
[2mpublic/build/[22m[35massets/FJDetailModal-jbaWORew.css                               [39m[1m[2m  0.23 kB[22m[1m[22m[2m Γöé gzip:   0.17 kB[22m
[2mpublic/build/[22m[35massets/ReportSalesPivotPerOutletSubCategory-DikTolMS.css        [39m[1m[2m  0.23 kB[22m[1m[22m[2m Γöé gzip:   0.17 kB[22m
[2mpublic/build/[22m[35massets/ReportSalesPivotSpecial-8DDjeooJ.css                     [39m[1m[2m  0.23 kB[22m[1m[22m[2m Γöé gzip:   0.17 kB[22m
[2mpublic/build/[22m[35massets/Index-Bu-h3a0n.css                                       [39m[1m[2m  0.23 kB[22m[1m[22m[2m Γöé gzip:   0.14 kB[22m
[2mpublic/build/[22m[35massets/Form-Ed6Cb6Rr.css                                        [39m[1m[2m  0.24 kB[22m[1m[22m[2m Γöé gzip:   0.18 kB[22m
[2mpublic/build/[22m[35massets/DashboardActivityList-DZ47OW7W.css                       [39m[1m[2m  0.27 kB[22m[1m[22m[2m Γöé gzip:   0.22 kB[22m
[2mpublic/build/[22m[35massets/ScheduleCalendar-D085aDXV.css                            [39m[1m[2m  0.28 kB[22m[1m[22m[2m Γöé gzip:   0.20 kB[22m
[2mpublic/build/[22m[35massets/TrainerReport-4VIlLNze.css                               [39m[1m[2m  0.28 kB[22m[1m[22m[2m Γöé gzip:   0.13 kB[22m
[2mpublic/build/[22m[35massets/Outlet-01d9fZGp.css                                      [39m[1m[2m  0.28 kB[22m[1m[22m[2m Γöé gzip:   0.18 kB[22m
[2mpublic/build/[22m[35massets/AddRetailItem-Drw8Cj3D.css                               [39m[1m[2m  0.29 kB[22m[1m[22m[2m Γöé gzip:   0.17 kB[22m
[2mpublic/build/[22m[35massets/TaskDetailModal-CqLqyp3a.css                             [39m[1m[2m  0.30 kB[22m[1m[22m[2m Γöé gzip:   0.17 kB[22m
[2mpublic/build/[22m[35massets/CameraModal-DfHNF6aW.css                                 [39m[1m[2m  0.31 kB[22m[1m[22m[2m Γöé gzip:   0.19 kB[22m
[2mpublic/build/[22m[35massets/Edit-1YPqTRk0.css                                        [39m[1m[2m  0.31 kB[22m[1m[22m[2m Γöé gzip:   0.19 kB[22m
[2mpublic/build/[22m[35massets/Show-kpbtqMfP.css                                        [39m[1m[2m  0.32 kB[22m[1m[22m[2m Γöé gzip:   0.18 kB[22m
[2mpublic/build/[22m[35massets/RetailList-RzIfUcou.css                                  [39m[1m[2m  0.34 kB[22m[1m[22m[2m Γöé gzip:   0.18 kB[22m
[2mpublic/build/[22m[35massets/Index-DrKd5DTw.css                                       [39m[1m[2m  0.34 kB[22m[1m[22m[2m Γöé gzip:   0.15 kB[22m
[2mpublic/build/[22m[35massets/Index-wFkXVFw3.css                                       [39m[1m[2m  0.35 kB[22m[1m[22m[2m Γöé gzip:   0.18 kB[22m
[2mpublic/build/[22m[35massets/Index-CyioyeJz.css                                       [39m[1m[2m  0.35 kB[22m[1m[22m[2m Γöé gzip:   0.18 kB[22m
[2mpublic/build/[22m[35massets/Report-Drqhw2gc.css                                      [39m[1m[2m  0.35 kB[22m[1m[22m[2m Γöé gzip:   0.18 kB[22m
[2mpublic/build/[22m[35massets/ReportUniversal-DGqwkk7S.css                             [39m[1m[2m  0.36 kB[22m[1m[22m[2m Γöé gzip:   0.18 kB[22m
[2mpublic/build/[22m[35massets/ReportInvoiceOutlet-Bgaq5ulE.css                         [39m[1m[2m  0.36 kB[22m[1m[22m[2m Γöé gzip:   0.18 kB[22m
[2mpublic/build/[22m[35massets/QRScanner-BjRNbPQn.css                                   [39m[1m[2m  0.36 kB[22m[1m[22m[2m Γöé gzip:   0.18 kB[22m
[2mpublic/build/[22m[35massets/Index-BDK6WmYw.css                                       [39m[1m[2m  0.37 kB[22m[1m[22m[2m Γöé gzip:   0.19 kB[22m
[2mpublic/build/[22m[35massets/Create-DLkm2ZiE.css                                      [39m[1m[2m  0.37 kB[22m[1m[22m[2m Γöé gzip:   0.18 kB[22m
[2mpublic/build/[22m[35massets/Index-C-7YuZpG.css                                       [39m[1m[2m  0.37 kB[22m[1m[22m[2m Γöé gzip:   0.18 kB[22m
[2mpublic/build/[22m[35massets/Show-BkiHyOUH.css                                        [39m[1m[2m  0.37 kB[22m[1m[22m[2m Γöé gzip:   0.18 kB[22m
[2mpublic/build/[22m[35massets/QuizReport-BmxSZ_j5.css                                  [39m[1m[2m  0.37 kB[22m[1m[22m[2m Γöé gzip:   0.18 kB[22m
[2mpublic/build/[22m[35massets/Show-BdqD1xEu.css                                        [39m[1m[2m  0.37 kB[22m[1m[22m[2m Γöé gzip:   0.18 kB[22m
[2mpublic/build/[22m[35massets/Show-DPkfu0jd.css                                        [39m[1m[2m  0.37 kB[22m[1m[22m[2m Γöé gzip:   0.19 kB[22m
[2mpublic/build/[22m[35massets/CommentModal-DO395Q2s.css                                [39m[1m[2m  0.43 kB[22m[1m[22m[2m Γöé gzip:   0.19 kB[22m
[2mpublic/build/[22m[35massets/RedeemDetailsModal-IOwWZmS7.css                          [39m[1m[2m  0.43 kB[22m[1m[22m[2m Γöé gzip:   0.17 kB[22m
[2mpublic/build/[22m[35massets/Game-ph06EWCM.css                                        [39m[1m[2m  0.43 kB[22m[1m[22m[2m Γöé gzip:   0.26 kB[22m
[2mpublic/build/[22m[35massets/Create-CfSz1qSc.css                                      [39m[1m[2m  0.45 kB[22m[1m[22m[2m Γöé gzip:   0.25 kB[22m
[2mpublic/build/[22m[35massets/DashboardStats-C3oRN9KB.css                              [39m[1m[2m  0.48 kB[22m[1m[22m[2m Γöé gzip:   0.29 kB[22m
[2mpublic/build/[22m[35massets/ArchivedCourses-B6_WPY_R.css                             [39m[1m[2m  0.49 kB[22m[1m[22m[2m Γöé gzip:   0.24 kB[22m
[2mpublic/build/[22m[35massets/Index-N_kCsZPY.css                                       [39m[1m[2m  0.49 kB[22m[1m[22m[2m Γöé gzip:   0.24 kB[22m
[2mpublic/build/[22m[35massets/Create-CI80Epmt.css                                      [39m[1m[2m  0.49 kB[22m[1m[22m[2m Γöé gzip:   0.31 kB[22m
[2mpublic/build/[22m[35massets/Index-BKWcGobg.css                                       [39m[1m[2m  0.50 kB[22m[1m[22m[2m Γöé gzip:   0.24 kB[22m
[2mpublic/build/[22m[35massets/KanbanColumn-BEnOiEyE.css                                [39m[1m[2m  0.51 kB[22m[1m[22m[2m Γöé gzip:   0.29 kB[22m
[2mpublic/build/[22m[35massets/ReportUniversal-DR911G47.css                             [39m[1m[2m  0.52 kB[22m[1m[22m[2m Γöé gzip:   0.25 kB[22m
[2mpublic/build/[22m[35massets/ArusKas-CxdVLON8.css                                     [39m[1m[2m  0.53 kB[22m[1m[22m[2m Γöé gzip:   0.25 kB[22m
[2mpublic/build/[22m[35massets/BukuBesar-GaPrbTQX.css                                   [39m[1m[2m  0.53 kB[22m[1m[22m[2m Γöé gzip:   0.25 kB[22m
[2mpublic/build/[22m[35massets/NeracaSaldo-Dtu4IfUc.css                                 [39m[1m[2m  0.53 kB[22m[1m[22m[2m Γöé gzip:   0.25 kB[22m
[2mpublic/build/[22m[35massets/EmployeeSummary-ClVXlmzX.css                             [39m[1m[2m  0.57 kB[22m[1m[22m[2m Γöé gzip:   0.25 kB[22m
[2mpublic/build/[22m[35massets/Dashboard-C_53IgEm.css                                   [39m[1m[2m  0.57 kB[22m[1m[22m[2m Γöé gzip:   0.28 kB[22m
[2mpublic/build/[22m[35massets/UserSearchDropdown-TNt-qN46.css                          [39m[1m[2m  0.58 kB[22m[1m[22m[2m Γöé gzip:   0.28 kB[22m
[2mpublic/build/[22m[35massets/Create-C3RkfEpY.css                                      [39m[1m[2m  0.61 kB[22m[1m[22m[2m Γöé gzip:   0.26 kB[22m
[2mpublic/build/[22m[35massets/Edit-BXK4Yalo.css                                        [39m[1m[2m  0.61 kB[22m[1m[22m[2m Γöé gzip:   0.26 kB[22m
[2mpublic/build/[22m[35massets/Index-BYe4me2A.css                                       [39m[1m[2m  0.61 kB[22m[1m[22m[2m Γöé gzip:   0.25 kB[22m
[2mpublic/build/[22m[35massets/Create-C1JTmXee.css                                      [39m[1m[2m  0.62 kB[22m[1m[22m[2m Γöé gzip:   0.29 kB[22m
[2mpublic/build/[22m[35massets/Create-DEODBMkl.css                                      [39m[1m[2m  0.62 kB[22m[1m[22m[2m Γöé gzip:   0.28 kB[22m
[2mpublic/build/[22m[35massets/Dashboard-BPTVZYVa.css                                   [39m[1m[2m  0.63 kB[22m[1m[22m[2m Γöé gzip:   0.29 kB[22m
[2mpublic/build/[22m[35massets/Index-DGa2kUNH.css                                       [39m[1m[2m  0.65 kB[22m[1m[22m[2m Γöé gzip:   0.30 kB[22m
[2mpublic/build/[22m[35massets/Index-7lXPNpT-.css                                       [39m[1m[2m  0.67 kB[22m[1m[22m[2m Γöé gzip:   0.28 kB[22m
[2mpublic/build/[22m[35massets/ActivationModal-DKo29bIU.css                             [39m[1m[2m  0.71 kB[22m[1m[22m[2m Γöé gzip:   0.27 kB[22m
[2mpublic/build/[22m[35massets/Master-8Jyva1VG.css                                      [39m[1m[2m  0.73 kB[22m[1m[22m[2m Γöé gzip:   0.41 kB[22m
[2mpublic/build/[22m[35massets/Create-B6Vsmzox.css                                      [39m[1m[2m  0.78 kB[22m[1m[22m[2m Γöé gzip:   0.41 kB[22m
[2mpublic/build/[22m[35massets/ManageQuestions-CFwFXB1M.css                             [39m[1m[2m  0.80 kB[22m[1m[22m[2m Γöé gzip:   0.32 kB[22m
[2mpublic/build/[22m[35massets/ManageQuestions-D7h2GbFb.css                             [39m[1m[2m  0.80 kB[22m[1m[22m[2m Γöé gzip:   0.32 kB[22m
[2mpublic/build/[22m[35massets/StockCard-nPu9yIZf.css                                   [39m[1m[2m  0.81 kB[22m[1m[22m[2m Γöé gzip:   0.31 kB[22m
[2mpublic/build/[22m[35massets/StockCard-BySnbWdw.css                                   [39m[1m[2m  0.81 kB[22m[1m[22m[2m Γöé gzip:   0.31 kB[22m
[2mpublic/build/[22m[35massets/CreatePurchaseOrderFoods-BurysLw0.css                    [39m[1m[2m  0.81 kB[22m[1m[22m[2m Γöé gzip:   0.31 kB[22m
[2mpublic/build/[22m[35massets/EditPurchaseOrderFoods-0V9UHI7k.css                      [39m[1m[2m  0.81 kB[22m[1m[22m[2m Γöé gzip:   0.31 kB[22m
[2mpublic/build/[22m[35massets/Report-DzHLlFkM.css                                      [39m[1m[2m  0.81 kB[22m[1m[22m[2m Γöé gzip:   0.31 kB[22m
[2mpublic/build/[22m[35massets/OrderDetailModal-_AHiswLZ.css                            [39m[1m[2m  0.82 kB[22m[1m[22m[2m Γöé gzip:   0.37 kB[22m
[2mpublic/build/[22m[35massets/JobVacancyDetail-RqvyRC9P.css                            [39m[1m[2m  0.84 kB[22m[1m[22m[2m Γöé gzip:   0.27 kB[22m
[2mpublic/build/[22m[35massets/Create-DLySvO-D.css                                      [39m[1m[2m  0.89 kB[22m[1m[22m[2m Γöé gzip:   0.33 kB[22m
[2mpublic/build/[22m[35massets/Edit-Z4JoBLqA.css                                        [39m[1m[2m  0.89 kB[22m[1m[22m[2m Γöé gzip:   0.33 kB[22m
[2mpublic/build/[22m[35massets/Index-BXn3LACB.css                                       [39m[1m[2m  0.89 kB[22m[1m[22m[2m Γöé gzip:   0.33 kB[22m
[2mpublic/build/[22m[35massets/Dashboard-BnT8RB2C.css                                   [39m[1m[2m  0.90 kB[22m[1m[22m[2m Γöé gzip:   0.35 kB[22m
[2mpublic/build/[22m[35massets/Reports-B6p0EZpo.css                                     [39m[1m[2m  0.90 kB[22m[1m[22m[2m Γöé gzip:   0.35 kB[22m
[2mpublic/build/[22m[35massets/Index-r23_JTDI.css                                       [39m[1m[2m  0.90 kB[22m[1m[22m[2m Γöé gzip:   0.35 kB[22m
[2mpublic/build/[22m[35massets/Dashboard-lcnjB6Nf.css                                   [39m[1m[2m  0.90 kB[22m[1m[22m[2m Γöé gzip:   0.35 kB[22m
[2mpublic/build/[22m[35massets/DashboardMediaGallery-Do80q7Jv.css                       [39m[1m[2m  0.95 kB[22m[1m[22m[2m Γöé gzip:   0.45 kB[22m
[2mpublic/build/[22m[35massets/DashboardEvidenceSlider-DgjZXnON.css                     [39m[1m[2m  0.95 kB[22m[1m[22m[2m Γöé gzip:   0.45 kB[22m
[2mpublic/build/[22m[35massets/JobVacancyList-Cbmw_NyN.css                              [39m[1m[2m  0.95 kB[22m[1m[22m[2m Γöé gzip:   0.29 kB[22m
[2mpublic/build/[22m[35massets/Index-DpM6fOV0.css                                       [39m[1m[2m  0.96 kB[22m[1m[22m[2m Γöé gzip:   0.34 kB[22m
[2mpublic/build/[22m[35massets/Index-DW4s2Hy3.css                                       [39m[1m[2m  0.98 kB[22m[1m[22m[2m Γöé gzip:   0.34 kB[22m
[2mpublic/build/[22m[35massets/Show-Wl1NlB53.css                                        [39m[1m[2m  0.98 kB[22m[1m[22m[2m Γöé gzip:   0.44 kB[22m
[2mpublic/build/[22m[35massets/Detail-pKqrTpfI.css                                      [39m[1m[2m  1.00 kB[22m[1m[22m[2m Γöé gzip:   0.30 kB[22m
[2mpublic/build/[22m[35massets/index-D-W0lkrI.css                                       [39m[1m[2m  1.00 kB[22m[1m[22m[2m Γöé gzip:   0.30 kB[22m
[2mpublic/build/[22m[35massets/Login-BLCz1lf3.css                                       [39m[1m[2m  1.04 kB[22m[1m[22m[2m Γöé gzip:   0.25 kB[22m
[2mpublic/build/[22m[35massets/Form-ChgEttLZ.css                                        [39m[1m[2m  1.04 kB[22m[1m[22m[2m Γöé gzip:   0.33 kB[22m
[2mpublic/build/[22m[35massets/Edit-T3_3v1nr.css                                        [39m[1m[2m  1.07 kB[22m[1m[22m[2m Γöé gzip:   0.33 kB[22m
[2mpublic/build/[22m[35massets/Show-Bs8DtGCb.css                                        [39m[1m[2m  1.11 kB[22m[1m[22m[2m Γöé gzip:   0.35 kB[22m
[2mpublic/build/[22m[35massets/MyCourses-BX79XYwr.css                                   [39m[1m[2m  1.11 kB[22m[1m[22m[2m Γöé gzip:   0.42 kB[22m
[2mpublic/build/[22m[35massets/SlotMachine-BqKx7rf6.css                                 [39m[1m[2m  1.11 kB[22m[1m[22m[2m Γöé gzip:   0.40 kB[22m
[2mpublic/build/[22m[35massets/Create-Df5uVmUV.css                                      [39m[1m[2m  1.14 kB[22m[1m[22m[2m Γöé gzip:   0.37 kB[22m
[2mpublic/build/[22m[35massets/Calendar-YT_2nT87.css                                    [39m[1m[2m  1.18 kB[22m[1m[22m[2m Γöé gzip:   0.46 kB[22m
[2mpublic/build/[22m[35massets/PrintStruk-BVCWOJh8.css                                  [39m[1m[2m  1.20 kB[22m[1m[22m[2m Γöé gzip:   0.49 kB[22m
[2mpublic/build/[22m[35massets/Create-ANycvcXW.css                                      [39m[1m[2m  1.24 kB[22m[1m[22m[2m Γöé gzip:   0.37 kB[22m
[2mpublic/build/[22m[35massets/LotteryMachine-SzBMHFm_.css                              [39m[1m[2m  1.25 kB[22m[1m[22m[2m Γöé gzip:   0.48 kB[22m
[2mpublic/build/[22m[35massets/Form-CqfOh706.css                                        [39m[1m[2m  1.26 kB[22m[1m[22m[2m Γöé gzip:   0.34 kB[22m
[2mpublic/build/[22m[35massets/Index-CFaswhCv.css                                       [39m[1m[2m  1.27 kB[22m[1m[22m[2m Γöé gzip:   0.48 kB[22m
[2mpublic/build/[22m[35massets/Calendar--ns1Mg6g.css                                    [39m[1m[2m  1.27 kB[22m[1m[22m[2m Γöé gzip:   0.41 kB[22m
[2mpublic/build/[22m[35massets/AIAnalytics-B_I4WZ6D.css                                 [39m[1m[2m  1.27 kB[22m[1m[22m[2m Γöé gzip:   0.48 kB[22m
[2mpublic/build/[22m[35massets/KanbanCard-C-uXb4DM.css                                  [39m[1m[2m  1.27 kB[22m[1m[22m[2m Γöé gzip:   0.53 kB[22m
[2mpublic/build/[22m[35massets/Create-B33qm5hx.css                                      [39m[1m[2m  1.31 kB[22m[1m[22m[2m Γöé gzip:   0.50 kB[22m
[2mpublic/build/[22m[35massets/Form-DYUxMJ_8.css                                        [39m[1m[2m  1.39 kB[22m[1m[22m[2m Γöé gzip:   0.49 kB[22m
[2mpublic/build/[22m[35massets/Index-CjCQRtMU.css                                       [39m[1m[2m  1.41 kB[22m[1m[22m[2m Γöé gzip:   0.51 kB[22m
[2mpublic/build/[22m[35massets/Show-CzcOsivY.css                                        [39m[1m[2m  1.44 kB[22m[1m[22m[2m Γöé gzip:   0.43 kB[22m
[2mpublic/build/[22m[35massets/QuickScheduleModal-C-Xn-ng9.css                          [39m[1m[2m  1.46 kB[22m[1m[22m[2m Γöé gzip:   0.37 kB[22m
[2mpublic/build/[22m[35massets/Create-Dy-YRf_v.css                                      [39m[1m[2m  1.51 kB[22m[1m[22m[2m Γöé gzip:   0.49 kB[22m
[2mpublic/build/[22m[35massets/ReceivingSheet-Cu2zJt0v.css                              [39m[1m[2m  1.52 kB[22m[1m[22m[2m Γöé gzip:   0.56 kB[22m
[2mpublic/build/[22m[35massets/RevenueReportModal-DyqtFaEB.css                          [39m[1m[2m  1.53 kB[22m[1m[22m[2m Γöé gzip:   0.46 kB[22m
[2mpublic/build/[22m[35massets/Gallery-DtCi66OK.css                                     [39m[1m[2m  1.54 kB[22m[1m[22m[2m Γöé gzip:   0.56 kB[22m
[2mpublic/build/[22m[35massets/Index-D1g1Fy5S.css                                       [39m[1m[2m  1.55 kB[22m[1m[22m[2m Γöé gzip:   0.51 kB[22m
[2mpublic/build/[22m[35massets/PrintStruk-D6p5IUB2.css                                  [39m[1m[2m  1.62 kB[22m[1m[22m[2m Γöé gzip:   0.65 kB[22m
[2mpublic/build/[22m[35massets/Create-CkV3ok99.css                                      [39m[1m[2m  1.63 kB[22m[1m[22m[2m Γöé gzip:   0.51 kB[22m
[2mpublic/build/[22m[35massets/Dashboard-Dv7seanE.css                                   [39m[1m[2m  1.71 kB[22m[1m[22m[2m Γöé gzip:   0.58 kB[22m
[2mpublic/build/[22m[35massets/Show-B_pq8cld.css                                        [39m[1m[2m  1.72 kB[22m[1m[22m[2m Γöé gzip:   0.53 kB[22m
[2mpublic/build/[22m[35massets/Report-DdtUxIr6.css                                      [39m[1m[2m  1.79 kB[22m[1m[22m[2m Γöé gzip:   0.63 kB[22m
[2mpublic/build/[22m[35massets/AiReportsIndex-Bm88cPDW.css                              [39m[1m[2m  1.85 kB[22m[1m[22m[2m Γöé gzip:   0.67 kB[22m
[2mpublic/build/[22m[35massets/Index-DN7Ey7tT.css                                       [39m[1m[2m  1.95 kB[22m[1m[22m[2m Γöé gzip:   0.74 kB[22m
[2mpublic/build/[22m[35massets/ReportSalesSimple-DyeyTZPz.css                           [39m[1m[2m  1.95 kB[22m[1m[22m[2m Γöé gzip:   0.67 kB[22m
[2mpublic/build/[22m[35massets/CourseDetail--ikgfzbc.css                                [39m[1m[2m  2.02 kB[22m[1m[22m[2m Γöé gzip:   0.62 kB[22m
[2mpublic/build/[22m[35massets/Grid-REDZOIcQ.css                                        [39m[1m[2m  2.04 kB[22m[1m[22m[2m Γöé gzip:   0.77 kB[22m
[2mpublic/build/[22m[35massets/Form-Choy59rb.css                                        [39m[1m[2m  2.44 kB[22m[1m[22m[2m Γöé gzip:   0.75 kB[22m
[2mpublic/build/[22m[35massets/SmallPrintPreview-BxttJzKt.css                           [39m[1m[2m  2.54 kB[22m[1m[22m[2m Γöé gzip:   0.69 kB[22m
[2mpublic/build/[22m[35massets/List-B8NV5pRf.css                                        [39m[1m[2m  2.59 kB[22m[1m[22m[2m Γöé gzip:   0.66 kB[22m
[2mpublic/build/[22m[35massets/PrintPreview-CQSFeF4v.css                                [39m[1m[2m  2.78 kB[22m[1m[22m[2m Γöé gzip:   0.70 kB[22m
[2mpublic/build/[22m[35massets/Index-rdmbKDhg.css                                       [39m[1m[2m  2.79 kB[22m[1m[22m[2m Γöé gzip:   0.87 kB[22m
[2mpublic/build/[22m[35massets/CourseEdit-Bov8pFvS.css                                  [39m[1m[2m  2.90 kB[22m[1m[22m[2m Γöé gzip:   0.87 kB[22m
[2mpublic/build/[22m[35massets/VueTimepicker-BUy5wQcp.css                               [39m[1m[2m  3.27 kB[22m[1m[22m[2m Γöé gzip:   0.98 kB[22m
[2mpublic/build/[22m[35massets/AppLayout-BSrVtlvI.css                                   [39m[1m[2m  3.33 kB[22m[1m[22m[2m Γöé gzip:   0.94 kB[22m
[2mpublic/build/[22m[35massets/Courses-jQES__22.css                                     [39m[1m[2m  3.48 kB[22m[1m[22m[2m Γöé gzip:   1.06 kB[22m
[2mpublic/build/[22m[35massets/AiReportShow-BfV0Ja2M.css                                [39m[1m[2m  4.63 kB[22m[1m[22m[2m Γöé gzip:   1.29 kB[22m
[2mpublic/build/[22m[35massets/Form-DjwCdnoj.css                                        [39m[1m[2m  5.28 kB[22m[1m[22m[2m Γöé gzip:   1.00 kB[22m
[2mpublic/build/[22m[35massets/PostInspection-K1tpi50F.css                              [39m[1m[2m  6.53 kB[22m[1m[22m[2m Γöé gzip:   1.57 kB[22m
[2mpublic/build/[22m[35massets/vue-multiselect-YPycmIRc.css                             [39m[1m[2m  6.99 kB[22m[1m[22m[2m Γöé gzip:   1.71 kB[22m
[2mpublic/build/[22m[35massets/vue-multiselect-DIn9qltL.css                             [39m[1m[2m  7.09 kB[22m[1m[22m[2m Γöé gzip:   1.73 kB[22m
[2mpublic/build/[22m[35massets/Inspect-Ch39EY5T.css                                     [39m[1m[2m  7.79 kB[22m[1m[22m[2m Γöé gzip:   1.85 kB[22m
[2mpublic/build/[22m[35massets/Index-BVSteznn.css                                       [39m[1m[2m  8.44 kB[22m[1m[22m[2m Γöé gzip:   1.78 kB[22m
[2mpublic/build/[22m[35massets/Form-C5EYQbtE.css                                        [39m[1m[2m  8.44 kB[22m[1m[22m[2m Γöé gzip:   1.78 kB[22m
[2mpublic/build/[22m[35massets/Index-B94ISgFy.css                                       [39m[1m[2m  8.51 kB[22m[1m[22m[2m Γöé gzip:   1.80 kB[22m
[2mpublic/build/[22m[35massets/Index-Cbw4g5Rj.css                                       [39m[1m[2m 10.68 kB[22m[1m[22m[2m Γöé gzip:   2.41 kB[22m
[2mpublic/build/[22m[35massets/OutletMapDashboard-BD433-Gu.css                          [39m[1m[2m 10.83 kB[22m[1m[22m[2m Γöé gzip:   2.77 kB[22m
[2mpublic/build/[22m[35massets/Form-D5HAdpT2.css                                        [39m[1m[2m 14.49 kB[22m[1m[22m[2m Γöé gzip:   2.84 kB[22m
[2mpublic/build/[22m[35massets/Home-DHFauprV.css                                        [39m[1m[2m 18.36 kB[22m[1m[22m[2m Γöé gzip:   3.70 kB[22m
[2mpublic/build/[22m[35massets/app-D38ns7n6.css                                         [39m[1m[2m239.56 kB[22m[1m[22m[2m Γöé gzip:  32.18 kB[22m
[2mpublic/build/[22m[36massets/_plugin-vue_export-helper-DlAUqK2U.js                    [39m[1m[2m  0.09 kB[22m[1m[22m[2m Γöé gzip:   0.10 kB[22m
[2mpublic/build/[22m[36massets/utils-aNKEQRww.js                                        [39m[1m[2m  0.14 kB[22m[1m[22m[2m Γöé gzip:   0.14 kB[22m
[2mpublic/build/[22m[36massets/ApplicationLogo-CeABvW6V.js                              [39m[1m[2m  0.30 kB[22m[1m[22m[2m Γöé gzip:   0.25 kB[22m
[2mpublic/build/[22m[36massets/useToast-CLUx9Ojn.js                                     [39m[1m[2m  0.45 kB[22m[1m[22m[2m Γöé gzip:   0.31 kB[22m
[2mpublic/build/[22m[36massets/StockCut-DnKodOHf.js                                     [39m[1m[2m  0.49 kB[22m[1m[22m[2m Γöé gzip:   0.33 kB[22m
[2mpublic/build/[22m[36massets/InputLabel-DIbzWgQo.js                                   [39m[1m[2m  0.55 kB[22m[1m[22m[2m Γöé gzip:   0.35 kB[22m
[2mpublic/build/[22m[36massets/SecondaryButton-D3RWNDry.js                              [39m[1m[2m  0.55 kB[22m[1m[22m[2m Γöé gzip:   0.39 kB[22m
[2mpublic/build/[22m[36massets/PrimaryButton-BBaZDdoz.js                                [39m[1m[2m  0.56 kB[22m[1m[22m[2m Γöé gzip:   0.39 kB[22m
[2mpublic/build/[22m[36massets/TextInput-Cd5ocvZl.js                                    [39m[1m[2m  0.59 kB[22m[1m[22m[2m Γöé gzip:   0.40 kB[22m
[2mpublic/build/[22m[36massets/Pagination-Cg8YpYmr.js                                   [39m[1m[2m  0.77 kB[22m[1m[22m[2m Γöé gzip:   0.50 kB[22m
[2mpublic/build/[22m[36massets/DashboardLeaderboard-rHehZjV9.js                         [39m[1m[2m  0.92 kB[22m[1m[22m[2m Γöé gzip:   0.55 kB[22m
[2mpublic/build/[22m[36massets/DashboardRadialBar-Cpcb-gjk.js                           [39m[1m[2m  0.98 kB[22m[1m[22m[2m Γöé gzip:   0.65 kB[22m
[2mpublic/build/[22m[36massets/DashboardPolarChart-Bgl25RU3.js                          [39m[1m[2m  0.99 kB[22m[1m[22m[2m Γöé gzip:   0.64 kB[22m
[2mpublic/build/[22m[36massets/DashboardHeatmap-BG5_ifNt.js                             [39m[1m[2m  0.99 kB[22m[1m[22m[2m Γöé gzip:   0.64 kB[22m
[2mpublic/build/[22m[36massets/DashboardActivityList-CvpUwAvC.js                        [39m[1m[2m  1.02 kB[22m[1m[22m[2m Γöé gzip:   0.56 kB[22m
[2mpublic/build/[22m[36massets/DashboardTrendLine-BATydzuF.js                           [39m[1m[2m  1.11 kB[22m[1m[22m[2m Γöé gzip:   0.71 kB[22m
[2mpublic/build/[22m[36massets/DashboardCategoryDonut-CiP4F96s.js                       [39m[1m[2m  1.15 kB[22m[1m[22m[2m Γöé gzip:   0.72 kB[22m
[2mpublic/build/[22m[36massets/DashboardMemberBar-CNwcIYb-.js                           [39m[1m[2m  1.17 kB[22m[1m[22m[2m Γöé gzip:   0.73 kB[22m
[2mpublic/build/[22m[36massets/DashboardPriorityDonut-BuUJeppZ.js                       [39m[1m[2m  1.20 kB[22m[1m[22m[2m Γöé gzip:   0.75 kB[22m
[2mpublic/build/[22m[36massets/DashboardBarOutlet-C2Z1-xMr.js                           [39m[1m[2m  1.21 kB[22m[1m[22m[2m Γöé gzip:   0.75 kB[22m
[2mpublic/build/[22m[36massets/DashboardFilterBar-MRld5Gmu.js                           [39m[1m[2m  1.26 kB[22m[1m[22m[2m Γöé gzip:   0.69 kB[22m
[2mpublic/build/[22m[36massets/GuestLayout-BeamKgH8.js                                  [39m[1m[2m  1.29 kB[22m[1m[22m[2m Γöé gzip:   0.75 kB[22m
[2mpublic/build/[22m[36massets/ConfirmPassword-DNJ9cyGu.js                              [39m[1m[2m  1.41 kB[22m[1m[22m[2m Γöé gzip:   0.80 kB[22m
[2mpublic/build/[22m[36massets/Test-C3YN-W5F.js                                         [39m[1m[2m  1.44 kB[22m[1m[22m[2m Γöé gzip:   0.71 kB[22m
[2mpublic/build/[22m[36massets/DashboardMediaGallery-BjDnBQ0l.js                        [39m[1m[2m  1.56 kB[22m[1m[22m[2m Γöé gzip:   0.80 kB[22m
[2mpublic/build/[22m[36massets/ForgotPassword-B5hj3ANP.js                               [39m[1m[2m  1.60 kB[22m[1m[22m[2m Γöé gzip:   0.91 kB[22m
[2mpublic/build/[22m[36massets/Welcome-BJgSGtc9.js                                      [39m[1m[2m  1.61 kB[22m[1m[22m[2m Γöé gzip:   0.90 kB[22m
[2mpublic/build/[22m[36massets/VerifyEmail-c2RKR7N9.js                                  [39m[1m[2m  1.63 kB[22m[1m[22m[2m Γöé gzip:   0.94 kB[22m
[2mpublic/build/[22m[36massets/index-BWY37mam.js                                        [39m[1m[2m  1.63 kB[22m[1m[22m[2m Γöé gzip:   0.84 kB[22m
[2mpublic/build/[22m[36massets/DashboardEvidenceSlider-CDl87b0I.js                      [39m[1m[2m  1.64 kB[22m[1m[22m[2m Γöé gzip:   0.83 kB[22m
[2mpublic/build/[22m[36massets/GuestCommentUserAvatar-CnD6u8US.js                       [39m[1m[2m  1.70 kB[22m[1m[22m[2m Γöé gzip:   0.92 kB[22m
[2mpublic/build/[22m[36massets/Create-SemGIxk_.js                                       [39m[1m[2m  1.72 kB[22m[1m[22m[2m Γöé gzip:   0.93 kB[22m
[2mpublic/build/[22m[36massets/Create-sL8OaXls.js                                       [39m[1m[2m  1.80 kB[22m[1m[22m[2m Γöé gzip:   0.95 kB[22m
[2mpublic/build/[22m[36massets/PrintBarcodes-BaZcEr7E.js                                [39m[1m[2m  1.83 kB[22m[1m[22m[2m Γöé gzip:   1.00 kB[22m
[2mpublic/build/[22m[36massets/index-pWSThA8I.js                                        [39m[1m[2m  1.96 kB[22m[1m[22m[2m Γöé gzip:   0.80 kB[22m
[2mpublic/build/[22m[36massets/DashboardStatusPie-BnPregH_.js                           [39m[1m[2m  1.97 kB[22m[1m[22m[2m Γöé gzip:   0.88 kB[22m
[2mpublic/build/[22m[36massets/Index-CyDXgOIX.js                                        [39m[1m[2m  2.01 kB[22m[1m[22m[2m Γöé gzip:   0.82 kB[22m
[2mpublic/build/[22m[36massets/OutletMapModal-Dom16z6h.js                               [39m[1m[2m  2.02 kB[22m[1m[22m[2m Γöé gzip:   1.11 kB[22m
[2mpublic/build/[22m[36massets/Login-CZXkMCau.js                                        [39m[1m[2m  2.10 kB[22m[1m[22m[2m Γöé gzip:   0.96 kB[22m
[2mpublic/build/[22m[36massets/DashboardOverdueTable-C-G9n7I5.js                        [39m[1m[2m  2.12 kB[22m[1m[22m[2m Γöé gzip:   0.97 kB[22m
[2mpublic/build/[22m[36massets/ResetPassword-BufC6CH_.js                                [39m[1m[2m  2.16 kB[22m[1m[22m[2m Γöé gzip:   0.88 kB[22m
[2mpublic/build/[22m[36massets/Modal-e0FwSL4_.js                                        [39m[1m[2m  2.20 kB[22m[1m[22m[2m Γöé gzip:   0.98 kB[22m
[2mpublic/build/[22m[36massets/CrmStatusChart-BwTUuk-0.js                               [39m[1m[2m  2.24 kB[22m[1m[22m[2m Γöé gzip:   0.91 kB[22m
[2mpublic/build/[22m[36massets/FilterBar-e7JatX-E.js                                    [39m[1m[2m  2.28 kB[22m[1m[22m[2m Γöé gzip:   1.07 kB[22m
[2mpublic/build/[22m[36massets/Form-DAyWuuij.js                                         [39m[1m[2m  2.29 kB[22m[1m[22m[2m Γöé gzip:   0.96 kB[22m
[2mpublic/build/[22m[36massets/Detail-Ub0XMV_v.js                                       [39m[1m[2m  2.30 kB[22m[1m[22m[2m Γöé gzip:   1.07 kB[22m
[2mpublic/build/[22m[36massets/LightboxModal-DDnaP3p6.js                                [39m[1m[2m  2.33 kB[22m[1m[22m[2m Γöé gzip:   1.01 kB[22m
[2mpublic/build/[22m[36massets/JobVacancyDetail-DGGvpbms.js                             [39m[1m[2m  2.34 kB[22m[1m[22m[2m Γöé gzip:   1.16 kB[22m
[2mpublic/build/[22m[36massets/ModalDetailGoodReceive-C3hk3azd.js                       [39m[1m[2m  2.38 kB[22m[1m[22m[2m Γöé gzip:   1.04 kB[22m
[2mpublic/build/[22m[36massets/DoneTasksLeaderboard-DnY72QtE.js                         [39m[1m[2m  2.40 kB[22m[1m[22m[2m Γöé gzip:   1.05 kB[22m
[2mpublic/build/[22m[36massets/MaterialIcon-C0PFGmIR.js                                 [39m[1m[2m  2.46 kB[22m[1m[22m[2m Γöé gzip:   0.78 kB[22m
[2mpublic/build/[22m[36massets/DashboardStats-Bkgp2xOl.js                               [39m[1m[2m  2.52 kB[22m[1m[22m[2m Γöé gzip:   0.83 kB[22m
[2mpublic/build/[22m[36massets/Show-BwQmjUfb.js                                         [39m[1m[2m  2.53 kB[22m[1m[22m[2m Γöé gzip:   1.05 kB[22m
[2mpublic/build/[22m[36massets/Show-CijuVcdQ.js                                         [39m[1m[2m  2.54 kB[22m[1m[22m[2m Γöé gzip:   1.16 kB[22m
[2mpublic/build/[22m[36massets/CrmGrowthChart-BJKHZacP.js                               [39m[1m[2m  2.56 kB[22m[1m[22m[2m Γöé gzip:   1.20 kB[22m
[2mpublic/build/[22m[36massets/PurchaseOrderTypeModal-fsHNqHTr.js                       [39m[1m[2m  2.61 kB[22m[1m[22m[2m Γöé gzip:   1.26 kB[22m
[2mpublic/build/[22m[36massets/AiReportsIndex-C1QgkqN7.js                               [39m[1m[2m  2.62 kB[22m[1m[22m[2m Γöé gzip:   1.35 kB[22m
[2mpublic/build/[22m[36massets/CrmLatestMembers-BVHNqSds.js                             [39m[1m[2m  2.62 kB[22m[1m[22m[2m Γöé gzip:   1.09 kB[22m
[2mpublic/build/[22m[36massets/UpdatePasswordForm-Dxg-2_9l.js                           [39m[1m[2m  2.65 kB[22m[1m[22m[2m Γöé gzip:   1.04 kB[22m
[2mpublic/build/[22m[36massets/Index-CNhPe50_.js                                        [39m[1m[2m  2.68 kB[22m[1m[22m[2m Γöé gzip:   1.39 kB[22m
[2mpublic/build/[22m[36massets/KanbanColumn-_cw7yroe.js                                 [39m[1m[2m  2.71 kB[22m[1m[22m[2m Γöé gzip:   1.38 kB[22m
[2mpublic/build/[22m[36massets/DeleteUserForm-CebGLBQb.js                               [39m[1m[2m  2.73 kB[22m[1m[22m[2m Γöé gzip:   1.33 kB[22m
[2mpublic/build/[22m[36massets/ActionPlanGuestReviewDetail-CHKDHQaY.js                  [39m[1m[2m  2.83 kB[22m[1m[22m[2m Γöé gzip:   1.34 kB[22m
[2mpublic/build/[22m[36massets/PerModeModal-BNJJX6ar.js                                 [39m[1m[2m  2.84 kB[22m[1m[22m[2m Γöé gzip:   1.20 kB[22m
[2mpublic/build/[22m[36massets/Show-D6U3hiwC.js                                         [39m[1m[2m  2.84 kB[22m[1m[22m[2m Γöé gzip:   1.13 kB[22m
[2mpublic/build/[22m[36massets/FormModal-Cd1DGEQl.js                                    [39m[1m[2m  2.91 kB[22m[1m[22m[2m Γöé gzip:   1.30 kB[22m
[2mpublic/build/[22m[36massets/videoTutorialCompress-59d9KCMs.js                        [39m[1m[2m  2.96 kB[22m[1m[22m[2m Γöé gzip:   1.51 kB[22m
[2mpublic/build/[22m[36massets/CrmMemberDemographics-BLw0z3eB.js                        [39m[1m[2m  2.99 kB[22m[1m[22m[2m Γöé gzip:   1.44 kB[22m
[2mpublic/build/[22m[36massets/TimelineModal-CR22SbBL.js                                [39m[1m[2m  2.99 kB[22m[1m[22m[2m Γöé gzip:   1.47 kB[22m
[2mpublic/build/[22m[36massets/PoPriceChangeReport-ltqHLdyn.js                          [39m[1m[2m  3.00 kB[22m[1m[22m[2m Γöé gzip:   1.37 kB[22m
[2mpublic/build/[22m[36massets/Index-VrO7SpCd.js                                        [39m[1m[2m  3.00 kB[22m[1m[22m[2m Γöé gzip:   1.37 kB[22m
[2mpublic/build/[22m[36massets/Create-BTlRtR-M.js                                       [39m[1m[2m  3.03 kB[22m[1m[22m[2m Γöé gzip:   1.25 kB[22m
[2mpublic/build/[22m[36massets/Show-BSF4hWCt.js                                         [39m[1m[2m  3.06 kB[22m[1m[22m[2m Γöé gzip:   1.42 kB[22m
[2mpublic/build/[22m[36massets/DashboardTaskTable-C7poqA5L.js                           [39m[1m[2m  3.07 kB[22m[1m[22m[2m Γöé gzip:   1.34 kB[22m
[2mpublic/build/[22m[36massets/Result-DaYcHipn.js                                       [39m[1m[2m  3.09 kB[22m[1m[22m[2m Γöé gzip:   1.38 kB[22m
[2mpublic/build/[22m[36massets/Edit-D1e3Vlwm.js                                         [39m[1m[2m  3.09 kB[22m[1m[22m[2m Γöé gzip:   1.27 kB[22m
[2mpublic/build/[22m[36massets/JobVacancyList-kIA43RRu.js                               [39m[1m[2m  3.11 kB[22m[1m[22m[2m Γöé gzip:   1.53 kB[22m
[2mpublic/build/[22m[36massets/Index-DgP_QbrX.js                                        [39m[1m[2m  3.14 kB[22m[1m[22m[2m Γöé gzip:   1.46 kB[22m
[2mpublic/build/[22m[36massets/Create-CElQmxYJ.js                                       [39m[1m[2m  3.17 kB[22m[1m[22m[2m Γöé gzip:   1.52 kB[22m
[2mpublic/build/[22m[36massets/debounce-2-1JsCTt.js                                     [39m[1m[2m  3.19 kB[22m[1m[22m[2m Γöé gzip:   1.48 kB[22m
[2mpublic/build/[22m[36massets/RegionFormModal-BnGT4TZt.js                              [39m[1m[2m  3.27 kB[22m[1m[22m[2m Γöé gzip:   1.45 kB[22m
[2mpublic/build/[22m[36massets/Create-BPkmh7Ts.js                                       [39m[1m[2m  3.27 kB[22m[1m[22m[2m Γöé gzip:   1.59 kB[22m
[2mpublic/build/[22m[36massets/MenuTypeFormModal-B8vXuYA6.js                            [39m[1m[2m  3.28 kB[22m[1m[22m[2m Γöé gzip:   1.48 kB[22m
[2mpublic/build/[22m[36massets/Index-CGkzZ06x.js                                        [39m[1m[2m  3.31 kB[22m[1m[22m[2m Γöé gzip:   1.47 kB[22m
[2mpublic/build/[22m[36massets/EodModal-Bp_XBKzi.js                                     [39m[1m[2m  3.32 kB[22m[1m[22m[2m Γöé gzip:   1.29 kB[22m
[2mpublic/build/[22m[36massets/DoneTasksTable-Bvu1g8h3.js                               [39m[1m[2m  3.35 kB[22m[1m[22m[2m Γöé gzip:   1.44 kB[22m
[2mpublic/build/[22m[36massets/Create-DIjPd_Po.js                                       [39m[1m[2m  3.42 kB[22m[1m[22m[2m Γöé gzip:   1.42 kB[22m
[2mpublic/build/[22m[36massets/Dashboard-D2DPpbQD.js                                    [39m[1m[2m  3.43 kB[22m[1m[22m[2m Γöé gzip:   1.38 kB[22m
[2mpublic/build/[22m[36massets/BiddingPrintPreviewModal-DJwXSXAO.js                     [39m[1m[2m  3.45 kB[22m[1m[22m[2m Γöé gzip:   1.61 kB[22m
[2mpublic/build/[22m[36massets/SmallPrintPreview-BURSzInv.js                            [39m[1m[2m  3.52 kB[22m[1m[22m[2m Γöé gzip:   1.76 kB[22m
[2mpublic/build/[22m[36massets/Edit-B-8BKfgD.js                                         [39m[1m[2m  3.58 kB[22m[1m[22m[2m Γöé gzip:   1.48 kB[22m
[2mpublic/build/[22m[36massets/Edit-juH2anzu.js                                         [39m[1m[2m  3.63 kB[22m[1m[22m[2m Γöé gzip:   1.75 kB[22m
[2mpublic/build/[22m[36massets/AllActivityModal-Hch-V239.js                             [39m[1m[2m  3.65 kB[22m[1m[22m[2m Γöé gzip:   1.67 kB[22m
[2mpublic/build/[22m[36massets/Form-gczhwUZm.js                                         [39m[1m[2m  3.66 kB[22m[1m[22m[2m Γöé gzip:   1.51 kB[22m
[2mpublic/build/[22m[36massets/Summary-B7NRQFiT.js                                      [39m[1m[2m  3.68 kB[22m[1m[22m[2m Γöé gzip:   1.56 kB[22m
[2mpublic/build/[22m[36massets/Detail-D6xX1UWU.js                                       [39m[1m[2m  3.69 kB[22m[1m[22m[2m Γöé gzip:   1.45 kB[22m
[2mpublic/build/[22m[36massets/Edit-BbAI19WF.js                                         [39m[1m[2m  3.73 kB[22m[1m[22m[2m Γöé gzip:   1.65 kB[22m
[2mpublic/build/[22m[36massets/ModifierFormModal-D_ZD9jvs.js                            [39m[1m[2m  3.75 kB[22m[1m[22m[2m Γöé gzip:   1.71 kB[22m
[2mpublic/build/[22m[36massets/RetailLatestDetailModal-DfILgGud.js                      [39m[1m[2m  3.79 kB[22m[1m[22m[2m Γöé gzip:   1.48 kB[22m
[2mpublic/build/[22m[36massets/Create-DZB9CNVD.js                                       [39m[1m[2m  3.81 kB[22m[1m[22m[2m Γöé gzip:   1.52 kB[22m
[2mpublic/build/[22m[36massets/Report-A19wPIjs.js                                       [39m[1m[2m  3.82 kB[22m[1m[22m[2m Γöé gzip:   1.38 kB[22m
[2mpublic/build/[22m[36massets/ImportModal-C1ODgLZ1.js                                  [39m[1m[2m  3.83 kB[22m[1m[22m[2m Γöé gzip:   1.66 kB[22m
[2mpublic/build/[22m[36massets/AllPOModal-2QXauzT2.js                                   [39m[1m[2m  3.86 kB[22m[1m[22m[2m Γöé gzip:   1.66 kB[22m
[2mpublic/build/[22m[36massets/AllPRModal-DjPHZRYO.js                                   [39m[1m[2m  3.87 kB[22m[1m[22m[2m Γöé gzip:   1.67 kB[22m
[2mpublic/build/[22m[36massets/AllRetailModal-BJSHWWM7.js                               [39m[1m[2m  3.88 kB[22m[1m[22m[2m Γöé gzip:   1.66 kB[22m
[2mpublic/build/[22m[36massets/UpdateProfileInformationForm-BSwkDm7-.js                 [39m[1m[2m  3.91 kB[22m[1m[22m[2m Γöé gzip:   1.77 kB[22m
[2mpublic/build/[22m[36massets/Show-OcRZHRB5.js                                         [39m[1m[2m  3.94 kB[22m[1m[22m[2m Γöé gzip:   1.51 kB[22m
[2mpublic/build/[22m[36massets/Edit-B7SKEVwP.js                                         [39m[1m[2m  3.96 kB[22m[1m[22m[2m Γöé gzip:   1.89 kB[22m
[2mpublic/build/[22m[36massets/PRLatestDetailModal-C2AQ6dlh.js                          [39m[1m[2m  3.98 kB[22m[1m[22m[2m Γöé gzip:   1.38 kB[22m
[2mpublic/build/[22m[36massets/Create-t-VGcDyM.js                                       [39m[1m[2m  4.04 kB[22m[1m[22m[2m Γöé gzip:   1.55 kB[22m
[2mpublic/build/[22m[36massets/Show-Cip_pNYW.js                                         [39m[1m[2m  4.05 kB[22m[1m[22m[2m Γöé gzip:   1.55 kB[22m
[2mpublic/build/[22m[36massets/Create-BxcjVIzZ.js                                       [39m[1m[2m  4.06 kB[22m[1m[22m[2m Γöé gzip:   1.55 kB[22m
[2mpublic/build/[22m[36massets/WarehouseDivisionFormModal-CkImWMte.js                   [39m[1m[2m  4.07 kB[22m[1m[22m[2m Γöé gzip:   1.65 kB[22m
[2mpublic/build/[22m[36massets/Edit-DIG5iF59.js                                         [39m[1m[2m  4.07 kB[22m[1m[22m[2m Γöé gzip:   1.74 kB[22m
[2mpublic/build/[22m[36massets/AllTasksModal-CBGKYmKc.js                                [39m[1m[2m  4.08 kB[22m[1m[22m[2m Γöé gzip:   1.82 kB[22m
[2mpublic/build/[22m[36massets/AssignMemberModal-nVcNfL0n.js                            [39m[1m[2m  4.08 kB[22m[1m[22m[2m Γöé gzip:   1.72 kB[22m
[2mpublic/build/[22m[36massets/AllDoneTasksModal-BN40cVQ_.js                            [39m[1m[2m  4.09 kB[22m[1m[22m[2m Γöé gzip:   1.82 kB[22m
[2mpublic/build/[22m[36massets/Index-DvYvarGe.js                                        [39m[1m[2m  4.10 kB[22m[1m[22m[2m Γöé gzip:   1.83 kB[22m
[2mpublic/build/[22m[36massets/Show-Be0fHVQm.js                                         [39m[1m[2m  4.13 kB[22m[1m[22m[2m Γöé gzip:   1.68 kB[22m
[2mpublic/build/[22m[36massets/Edit-B4qz8RdZ.js                                         [39m[1m[2m  4.13 kB[22m[1m[22m[2m Γöé gzip:   1.52 kB[22m
[2mpublic/build/[22m[36massets/PurchaseOrderPriceChangeReport-QdxlG5u-.js               [39m[1m[2m  4.14 kB[22m[1m[22m[2m Γöé gzip:   1.59 kB[22m
[2mpublic/build/[22m[36massets/Edit-DXtmehl0.js                                         [39m[1m[2m  4.14 kB[22m[1m[22m[2m Γöé gzip:   1.52 kB[22m
[2mpublic/build/[22m[36massets/index-CM8K99Kh.js                                        [39m[1m[2m  4.15 kB[22m[1m[22m[2m Γöé gzip:   1.60 kB[22m
[2mpublic/build/[22m[36massets/ModalEditGoodReceive-wI0qrjSK.js                         [39m[1m[2m  4.15 kB[22m[1m[22m[2m Γöé gzip:   1.66 kB[22m
[2mpublic/build/[22m[36massets/UserSearchDropdown-CEdIJ-M3.js                           [39m[1m[2m  4.15 kB[22m[1m[22m[2m Γöé gzip:   1.80 kB[22m
[2mpublic/build/[22m[36massets/UnpaidGR-dRkHMbGz.js                                     [39m[1m[2m  4.16 kB[22m[1m[22m[2m Γöé gzip:   1.74 kB[22m
[2mpublic/build/[22m[36massets/ScheduleCalendar-7ZrGK-im.js                             [39m[1m[2m  4.26 kB[22m[1m[22m[2m Γöé gzip:   1.83 kB[22m
[2mpublic/build/[22m[36massets/UnpaidGR-DMLBz7yS.js                                     [39m[1m[2m  4.29 kB[22m[1m[22m[2m Γöé gzip:   1.77 kB[22m
[2mpublic/build/[22m[36massets/WarehouseFormModal-Dh4evt9p.js                           [39m[1m[2m  4.30 kB[22m[1m[22m[2m Γöé gzip:   1.64 kB[22m
[2mpublic/build/[22m[36massets/Create-Bae1-8RV.js                                       [39m[1m[2m  4.32 kB[22m[1m[22m[2m Γöé gzip:   1.82 kB[22m
[2mpublic/build/[22m[36massets/Show-CEj7Dg_p.js                                         [39m[1m[2m  4.32 kB[22m[1m[22m[2m Γöé gzip:   1.44 kB[22m
[2mpublic/build/[22m[36massets/AllOverdueTasksModal-DHM-A3P8.js                         [39m[1m[2m  4.33 kB[22m[1m[22m[2m Γöé gzip:   1.83 kB[22m
[2mpublic/build/[22m[36massets/BiddingList-BziG7liR.js                                  [39m[1m[2m  4.33 kB[22m[1m[22m[2m Γöé gzip:   1.85 kB[22m
[2mpublic/build/[22m[36massets/PrintPreview-Bh_l0Mwt.js                                 [39m[1m[2m  4.39 kB[22m[1m[22m[2m Γöé gzip:   1.98 kB[22m
[2mpublic/build/[22m[36massets/Register-CT8k6yjh.js                                     [39m[1m[2m  4.41 kB[22m[1m[22m[2m Γöé gzip:   1.87 kB[22m
[2mpublic/build/[22m[36massets/Report-CYDa_w7N.js                                       [39m[1m[2m  4.43 kB[22m[1m[22m[2m Γöé gzip:   1.67 kB[22m
[2mpublic/build/[22m[36massets/Index-Ca6AM-tu.js                                        [39m[1m[2m  4.44 kB[22m[1m[22m[2m Γöé gzip:   2.00 kB[22m
[2mpublic/build/[22m[36massets/CategoryRecapReport-pIuDAqex.js                          [39m[1m[2m  4.47 kB[22m[1m[22m[2m Γöé gzip:   1.82 kB[22m
[2mpublic/build/[22m[36massets/Index-CgQpf-Ah.js                                        [39m[1m[2m  4.48 kB[22m[1m[22m[2m Γöé gzip:   1.91 kB[22m
[2mpublic/build/[22m[36massets/ReportWasteSpoil-CeO1ZpUa.js                             [39m[1m[2m  4.53 kB[22m[1m[22m[2m Γöé gzip:   1.71 kB[22m
[2mpublic/build/[22m[36massets/PickLocationMapModal-DXLAOA03.js                         [39m[1m[2m  4.55 kB[22m[1m[22m[2m Γöé gzip:   2.18 kB[22m
[2mpublic/build/[22m[36massets/Index-DDctZ0tF.js                                        [39m[1m[2m  4.56 kB[22m[1m[22m[2m Γöé gzip:   1.89 kB[22m
[2mpublic/build/[22m[36massets/Edit-Cbb-ukDC.js                                         [39m[1m[2m  4.57 kB[22m[1m[22m[2m Γöé gzip:   1.68 kB[22m
[2mpublic/build/[22m[36massets/RetailList-CubYEYXY.js                                   [39m[1m[2m  4.61 kB[22m[1m[22m[2m Γöé gzip:   1.94 kB[22m
[2mpublic/build/[22m[36massets/BiddingSupplierInputModal-CmGM9HcX.js                    [39m[1m[2m  4.62 kB[22m[1m[22m[2m Γöé gzip:   2.06 kB[22m
[2mpublic/build/[22m[36massets/Create-B9nnzvri.js                                       [39m[1m[2m  4.62 kB[22m[1m[22m[2m Γöé gzip:   1.80 kB[22m
[2mpublic/build/[22m[36massets/WarehouseOutletFormModal-LhXT2zyu.js                     [39m[1m[2m  4.65 kB[22m[1m[22m[2m Γöé gzip:   1.71 kB[22m
[2mpublic/build/[22m[36massets/Index-Dz2OOg3h.js                                        [39m[1m[2m  4.65 kB[22m[1m[22m[2m Γöé gzip:   1.78 kB[22m
[2mpublic/build/[22m[36massets/Show-cuOGE_bM.js                                         [39m[1m[2m  4.65 kB[22m[1m[22m[2m Γöé gzip:   1.65 kB[22m
[2mpublic/build/[22m[36massets/Form-D6zCAoaW.js                                         [39m[1m[2m  4.65 kB[22m[1m[22m[2m Γöé gzip:   1.71 kB[22m
[2mpublic/build/[22m[36massets/Create-Bc5ck2Ae.js                                       [39m[1m[2m  4.70 kB[22m[1m[22m[2m Γöé gzip:   1.66 kB[22m
[2mpublic/build/[22m[36massets/Create-Cd8B3g5F.js                                       [39m[1m[2m  4.71 kB[22m[1m[22m[2m Γöé gzip:   1.75 kB[22m
[2mpublic/build/[22m[36massets/CrmActivityList-BEDvD7kw.js                              [39m[1m[2m  4.75 kB[22m[1m[22m[2m Γöé gzip:   1.63 kB[22m
[2mpublic/build/[22m[36massets/UnitFormModal-DJLSgClk.js                                [39m[1m[2m  4.75 kB[22m[1m[22m[2m Γöé gzip:   1.89 kB[22m
[2mpublic/build/[22m[36massets/Index-Cgmrf9qZ.js                                        [39m[1m[2m  4.76 kB[22m[1m[22m[2m Γöé gzip:   2.15 kB[22m
[2mpublic/build/[22m[36massets/QRCodeModal-D9NMv02w.js                                  [39m[1m[2m  4.78 kB[22m[1m[22m[2m Γöé gzip:   2.09 kB[22m
[2mpublic/build/[22m[36massets/Edit-B2dP2VjH.js                                         [39m[1m[2m  4.78 kB[22m[1m[22m[2m Γöé gzip:   1.87 kB[22m
[2mpublic/build/[22m[36massets/Create-ib666iUD.js                                       [39m[1m[2m  4.81 kB[22m[1m[22m[2m Γöé gzip:   1.76 kB[22m
[2mpublic/build/[22m[36massets/Index-B3nxAkwd.js                                        [39m[1m[2m  4.81 kB[22m[1m[22m[2m Γöé gzip:   1.85 kB[22m
[2mpublic/build/[22m[36massets/CustomerFormModal-Bofor9SE.js                            [39m[1m[2m  4.82 kB[22m[1m[22m[2m Γöé gzip:   1.71 kB[22m
[2mpublic/build/[22m[36massets/Index-BHkvYtBI.js                                        [39m[1m[2m  4.82 kB[22m[1m[22m[2m Γöé gzip:   2.11 kB[22m
[2mpublic/build/[22m[36massets/Show-zSRAabms.js                                         [39m[1m[2m  4.83 kB[22m[1m[22m[2m Γöé gzip:   1.65 kB[22m
[2mpublic/build/[22m[36massets/ReportPenjualanPivotPerOutletPerSubKategori-B2Uuz3ZK.js  [39m[1m[2m  4.83 kB[22m[1m[22m[2m Γöé gzip:   2.02 kB[22m
[2mpublic/build/[22m[36massets/Create-ypGa1le6.js                                       [39m[1m[2m  4.83 kB[22m[1m[22m[2m Γöé gzip:   1.95 kB[22m
[2mpublic/build/[22m[36massets/SalesReport-DePFr2Yw.js                                  [39m[1m[2m  4.86 kB[22m[1m[22m[2m Γöé gzip:   1.90 kB[22m
[2mpublic/build/[22m[36massets/Create-CGLKCqgG.js                                       [39m[1m[2m  4.89 kB[22m[1m[22m[2m Γöé gzip:   1.96 kB[22m
[2mpublic/build/[22m[36massets/Show-DsuzU2hU.js                                         [39m[1m[2m  4.91 kB[22m[1m[22m[2m Γöé gzip:   1.79 kB[22m
[2mpublic/build/[22m[36massets/CrmStats-BqzVO7KL.js                                     [39m[1m[2m  4.93 kB[22m[1m[22m[2m Γöé gzip:   1.30 kB[22m
[2mpublic/build/[22m[36massets/MemberVerifyEmail-Cn6iNarA.js                            [39m[1m[2m  4.96 kB[22m[1m[22m[2m Γöé gzip:   2.13 kB[22m
[2mpublic/build/[22m[36massets/Edit-ChzmpIlw.js                                         [39m[1m[2m  5.00 kB[22m[1m[22m[2m Γöé gzip:   1.88 kB[22m
[2mpublic/build/[22m[36massets/QuizSelectionModal-BFuRV94p.js                           [39m[1m[2m  5.04 kB[22m[1m[22m[2m Γöé gzip:   2.07 kB[22m
[2mpublic/build/[22m[36massets/PaymentDetailModal-C4nEGGzZ.js                           [39m[1m[2m  5.05 kB[22m[1m[22m[2m Γöé gzip:   1.89 kB[22m
[2mpublic/build/[22m[36massets/Outlet-n3pfcU0g.js                                       [39m[1m[2m  5.06 kB[22m[1m[22m[2m Γöé gzip:   1.83 kB[22m
[2mpublic/build/[22m[36massets/Create-CwKl8IfP.js                                       [39m[1m[2m  5.08 kB[22m[1m[22m[2m Γöé gzip:   1.96 kB[22m
[2mpublic/build/[22m[36massets/CrmDemographicsChart-C1YsFcLc.js                         [39m[1m[2m  5.11 kB[22m[1m[22m[2m Γöé gzip:   1.76 kB[22m
[2mpublic/build/[22m[36massets/Index-D1XHIIOK.js                                        [39m[1m[2m  5.12 kB[22m[1m[22m[2m Γöé gzip:   2.17 kB[22m
[2mpublic/build/[22m[36massets/Game-BYhwWB-y.js                                         [39m[1m[2m  5.13 kB[22m[1m[22m[2m Γöé gzip:   2.13 kB[22m
[2mpublic/build/[22m[36massets/Summary-D5wLu9TG.js                                      [39m[1m[2m  5.17 kB[22m[1m[22m[2m Γöé gzip:   2.00 kB[22m
[2mpublic/build/[22m[36massets/QuestionnaireSelectionModal-D5mQbQjR.js                  [39m[1m[2m  5.17 kB[22m[1m[22m[2m Γöé gzip:   2.10 kB[22m
[2mpublic/build/[22m[36massets/Index-CqSnlOQr.js                                        [39m[1m[2m  5.19 kB[22m[1m[22m[2m Γöé gzip:   1.96 kB[22m
[2mpublic/build/[22m[36massets/Index-DdqraobB.js                                        [39m[1m[2m  5.19 kB[22m[1m[22m[2m Γöé gzip:   2.14 kB[22m
[2mpublic/build/[22m[36massets/CreateFromDO-CoMUU9xf.js                                 [39m[1m[2m  5.19 kB[22m[1m[22m[2m Γöé gzip:   2.11 kB[22m
[2mpublic/build/[22m[36massets/Create-DQYkcrAZ.js                                       [39m[1m[2m  5.21 kB[22m[1m[22m[2m Γöé gzip:   1.70 kB[22m
[2mpublic/build/[22m[36massets/Index-Drb_OLlp.js                                        [39m[1m[2m  5.24 kB[22m[1m[22m[2m Γöé gzip:   2.21 kB[22m
[2mpublic/build/[22m[36massets/index-DhqS-fGt.js                                        [39m[1m[2m  5.24 kB[22m[1m[22m[2m Γöé gzip:   2.08 kB[22m
[2mpublic/build/[22m[36massets/Index-Bfu4mVTq.js                                        [39m[1m[2m  5.26 kB[22m[1m[22m[2m Γöé gzip:   2.13 kB[22m
[2mpublic/build/[22m[36massets/Index-CI9VHiFZ.js                                        [39m[1m[2m  5.30 kB[22m[1m[22m[2m Γöé gzip:   2.01 kB[22m
[2mpublic/build/[22m[36massets/Show-n1bqBq-j.js                                         [39m[1m[2m  5.30 kB[22m[1m[22m[2m Γöé gzip:   1.98 kB[22m
[2mpublic/build/[22m[36massets/QRScanner-C2_d202_.js                                    [39m[1m[2m  5.35 kB[22m[1m[22m[2m Γöé gzip:   2.35 kB[22m
[2mpublic/build/[22m[36massets/Edit-CT1xuww-.js                                         [39m[1m[2m  5.40 kB[22m[1m[22m[2m Γöé gzip:   1.73 kB[22m
[2mpublic/build/[22m[36massets/Form-BkuIooN4.js                                         [39m[1m[2m  5.50 kB[22m[1m[22m[2m Γöé gzip:   2.11 kB[22m
[2mpublic/build/[22m[36massets/CategoryRecapReport-CGYkjPNd.js                          [39m[1m[2m  5.52 kB[22m[1m[22m[2m Γöé gzip:   2.04 kB[22m
[2mpublic/build/[22m[36massets/id-C4ThNj35.js                                           [39m[1m[2m  5.54 kB[22m[1m[22m[2m Γöé gzip:   1.87 kB[22m
[2mpublic/build/[22m[36massets/CrmMemberDemographicsByRegion-agigW8LP.js                [39m[1m[2m  5.56 kB[22m[1m[22m[2m Γöé gzip:   1.88 kB[22m
[2mpublic/build/[22m[36massets/POLatestDetailModal-LZ1J7iC8.js                          [39m[1m[2m  5.58 kB[22m[1m[22m[2m Γöé gzip:   1.89 kB[22m
[2mpublic/build/[22m[36massets/CameraModal-DRR1NSCX.js                                  [39m[1m[2m  5.58 kB[22m[1m[22m[2m Γöé gzip:   2.19 kB[22m
[2mpublic/build/[22m[36massets/Index-CIX0HZc1.js                                        [39m[1m[2m  5.59 kB[22m[1m[22m[2m Γöé gzip:   2.36 kB[22m
[2mpublic/build/[22m[36massets/PrintPreviewModal-BKMQqxGr.js                            [39m[1m[2m  5.60 kB[22m[1m[22m[2m Γöé gzip:   2.12 kB[22m
[2mpublic/build/[22m[36massets/Index-DMrx1oqn.js                                        [39m[1m[2m  5.62 kB[22m[1m[22m[2m Γöé gzip:   2.19 kB[22m
[2mpublic/build/[22m[36massets/Create-BDIEvkJU.js                                       [39m[1m[2m  5.63 kB[22m[1m[22m[2m Γöé gzip:   2.07 kB[22m
[2mpublic/build/[22m[36massets/Index-Dfpn2rY2.js                                        [39m[1m[2m  5.65 kB[22m[1m[22m[2m Γöé gzip:   2.09 kB[22m
[2mpublic/build/[22m[36massets/Show-DwceaSwX.js                                         [39m[1m[2m  5.67 kB[22m[1m[22m[2m Γöé gzip:   2.07 kB[22m
[2mpublic/build/[22m[36massets/AssetByCategory-D6PVCcmi.js                              [39m[1m[2m  5.67 kB[22m[1m[22m[2m Γöé gzip:   2.07 kB[22m
[2mpublic/build/[22m[36massets/AssetByOutlet-DRdwlLSq.js                                [39m[1m[2m  5.67 kB[22m[1m[22m[2m Γöé gzip:   2.07 kB[22m
[2mpublic/build/[22m[36massets/Index-BH5nOdBI.js                                        [39m[1m[2m  5.70 kB[22m[1m[22m[2m Γöé gzip:   1.84 kB[22m
[2mpublic/build/[22m[36massets/Show-DNbgPUqA.js                                         [39m[1m[2m  5.73 kB[22m[1m[22m[2m Γöé gzip:   2.04 kB[22m
[2mpublic/build/[22m[36massets/Index-Bt-Ex7ru.js                                        [39m[1m[2m  5.78 kB[22m[1m[22m[2m Γöé gzip:   2.23 kB[22m
[2mpublic/build/[22m[36massets/GoodReceiveModal-BrJf5aQe.js                             [39m[1m[2m  5.80 kB[22m[1m[22m[2m Γöé gzip:   2.54 kB[22m
[2mpublic/build/[22m[36massets/Grid-BkpsHktt.js                                         [39m[1m[2m  5.80 kB[22m[1m[22m[2m Γöé gzip:   2.15 kB[22m
[2mpublic/build/[22m[36massets/PrintStruk-3FTWDRST.js                                   [39m[1m[2m  5.83 kB[22m[1m[22m[2m Γöé gzip:   2.26 kB[22m
[2mpublic/build/[22m[36massets/Index-BMRZlKIy.js                                        [39m[1m[2m  5.86 kB[22m[1m[22m[2m Γöé gzip:   1.35 kB[22m
[2mpublic/build/[22m[36massets/Create-B9i6msTH.js                                       [39m[1m[2m  5.89 kB[22m[1m[22m[2m Γöé gzip:   2.27 kB[22m
[2mpublic/build/[22m[36massets/BiddingStartModal-DVlfmtq-.js                            [39m[1m[2m  5.90 kB[22m[1m[22m[2m Γöé gzip:   2.47 kB[22m
[2mpublic/build/[22m[36massets/Show-CGWPr2Ov.js                                         [39m[1m[2m  5.91 kB[22m[1m[22m[2m Γöé gzip:   2.35 kB[22m
[2mpublic/build/[22m[36massets/Index-BFG6pNwD.js                                        [39m[1m[2m  5.92 kB[22m[1m[22m[2m Γöé gzip:   2.52 kB[22m
[2mpublic/build/[22m[36massets/Index-BIcM_jFM.js                                        [39m[1m[2m  5.94 kB[22m[1m[22m[2m Γöé gzip:   1.45 kB[22m
[2mpublic/build/[22m[36massets/AnnouncementDetailModal-COGsPJLz.js                      [39m[1m[2m  5.96 kB[22m[1m[22m[2m Γöé gzip:   2.14 kB[22m
[2mpublic/build/[22m[36massets/Index-VoeYX5xB.js                                        [39m[1m[2m  6.00 kB[22m[1m[22m[2m Γöé gzip:   2.53 kB[22m
[2mpublic/build/[22m[36massets/IndexSimple-BZ7tGVZd.js                                  [39m[1m[2m  6.02 kB[22m[1m[22m[2m Γöé gzip:   2.17 kB[22m
[2mpublic/build/[22m[36massets/ReportSalesPerTanggal-REjAfp__.js                        [39m[1m[2m  6.02 kB[22m[1m[22m[2m Γöé gzip:   2.23 kB[22m
[2mpublic/build/[22m[36massets/Edit-46l4Kea7.js                                         [39m[1m[2m  6.03 kB[22m[1m[22m[2m Γöé gzip:   1.96 kB[22m
[2mpublic/build/[22m[36massets/Index-Ci3ZIXHO.js                                        [39m[1m[2m  6.04 kB[22m[1m[22m[2m Γöé gzip:   2.54 kB[22m
[2mpublic/build/[22m[36massets/Create-BK8EgTLm.js                                       [39m[1m[2m  6.06 kB[22m[1m[22m[2m Γöé gzip:   2.62 kB[22m
[2mpublic/build/[22m[36massets/QRCodeScanner-BIptzfPM.js                                [39m[1m[2m  6.06 kB[22m[1m[22m[2m Γöé gzip:   2.41 kB[22m
[2mpublic/build/[22m[36massets/ReportGoodReceiveOutlet-CS0XBx28.js                      [39m[1m[2m  6.07 kB[22m[1m[22m[2m Γöé gzip:   2.39 kB[22m
[2mpublic/build/[22m[36massets/Edit-DiTtG_4H.js                                         [39m[1m[2m  6.10 kB[22m[1m[22m[2m Γöé gzip:   2.29 kB[22m
[2mpublic/build/[22m[36massets/LockedBudgetFormModal-B0kSbzbr.js                        [39m[1m[2m  6.10 kB[22m[1m[22m[2m Γöé gzip:   2.10 kB[22m
[2mpublic/build/[22m[36massets/Results-BRwRC5tx.js                                      [39m[1m[2m  6.18 kB[22m[1m[22m[2m Γöé gzip:   2.26 kB[22m
[2mpublic/build/[22m[36massets/MinimumStockReport-DxC0qwhz.js                           [39m[1m[2m  6.19 kB[22m[1m[22m[2m Γöé gzip:   2.26 kB[22m
[2mpublic/build/[22m[36massets/EvidenceModal-npadYNWT.js                                [39m[1m[2m  6.22 kB[22m[1m[22m[2m Γöé gzip:   2.54 kB[22m
[2mpublic/build/[22m[36massets/Index-iMVLqoQ6.js                                        [39m[1m[2m  6.23 kB[22m[1m[22m[2m Γöé gzip:   2.57 kB[22m
[2mpublic/build/[22m[36massets/Index-ChsjDns6.js                                        [39m[1m[2m  6.25 kB[22m[1m[22m[2m Γöé gzip:   2.34 kB[22m
[2mpublic/build/[22m[36massets/Index-BPOkW0tn.js                                        [39m[1m[2m  6.25 kB[22m[1m[22m[2m Γöé gzip:   2.56 kB[22m
[2mpublic/build/[22m[36massets/Index-C368oca0.js                                        [39m[1m[2m  6.28 kB[22m[1m[22m[2m Γöé gzip:   2.59 kB[22m
[2mpublic/build/[22m[36massets/PinManagementModal-HaeHfGUb.js                           [39m[1m[2m  6.30 kB[22m[1m[22m[2m Γöé gzip:   2.43 kB[22m
[2mpublic/build/[22m[36massets/Show-Ctzcz4sT.js                                         [39m[1m[2m  6.30 kB[22m[1m[22m[2m Γöé gzip:   2.16 kB[22m
[2mpublic/build/[22m[36massets/DataLevelFormModal-DU4Zg5hb.js                           [39m[1m[2m  6.35 kB[22m[1m[22m[2m Γöé gzip:   2.09 kB[22m
[2mpublic/build/[22m[36massets/Index-7VGeZ-9L.js                                        [39m[1m[2m  6.36 kB[22m[1m[22m[2m Γöé gzip:   2.57 kB[22m
[2mpublic/build/[22m[36massets/TransferHistory-DD01DdRv.js                              [39m[1m[2m  6.37 kB[22m[1m[22m[2m Γöé gzip:   2.15 kB[22m
[2mpublic/build/[22m[36massets/Index-DpKtW-9d.js                                        [39m[1m[2m  6.38 kB[22m[1m[22m[2m Γöé gzip:   2.59 kB[22m
[2mpublic/build/[22m[36massets/AssetRegister-i67r9W0s.js                                [39m[1m[2m  6.40 kB[22m[1m[22m[2m Γöé gzip:   2.20 kB[22m
[2mpublic/build/[22m[36massets/Edit-CwIkiP7h.js                                         [39m[1m[2m  6.43 kB[22m[1m[22m[2m Γöé gzip:   2.69 kB[22m
[2mpublic/build/[22m[36massets/CostHistoryReport-DaZT5FyG.js                            [39m[1m[2m  6.44 kB[22m[1m[22m[2m Γöé gzip:   2.28 kB[22m
[2mpublic/build/[22m[36massets/HistoryModal-BnhKsVdQ.js                                 [39m[1m[2m  6.45 kB[22m[1m[22m[2m Γöé gzip:   2.24 kB[22m
[2mpublic/build/[22m[36massets/Index-DjjOc5f6.js                                        [39m[1m[2m  6.46 kB[22m[1m[22m[2m Γöé gzip:   2.44 kB[22m
[2mpublic/build/[22m[36massets/Index-CwvqmDWB.js                                        [39m[1m[2m  6.46 kB[22m[1m[22m[2m Γöé gzip:   2.55 kB[22m
[2mpublic/build/[22m[36massets/Index-DygnJtHb.js                                        [39m[1m[2m  6.47 kB[22m[1m[22m[2m Γöé gzip:   2.56 kB[22m
[2mpublic/build/[22m[36massets/Index-ByWK70-p.js                                        [39m[1m[2m  6.49 kB[22m[1m[22m[2m Γöé gzip:   2.77 kB[22m
[2mpublic/build/[22m[36massets/Edit-BYmaEYLA.js                                         [39m[1m[2m  6.51 kB[22m[1m[22m[2m Γöé gzip:   1.94 kB[22m
[2mpublic/build/[22m[36massets/Show-CsOxKjcP.js                                         [39m[1m[2m  6.55 kB[22m[1m[22m[2m Γöé gzip:   2.22 kB[22m
[2mpublic/build/[22m[36massets/Create-DGfuVZ96.js                                       [39m[1m[2m  6.56 kB[22m[1m[22m[2m Γöé gzip:   2.05 kB[22m
[2mpublic/build/[22m[36massets/Index-C8xw5cSu.js                                        [39m[1m[2m  6.58 kB[22m[1m[22m[2m Γöé gzip:   2.61 kB[22m
[2mpublic/build/[22m[36massets/Index-DdphkXFG.js                                        [39m[1m[2m  6.60 kB[22m[1m[22m[2m Γöé gzip:   2.49 kB[22m
[2mpublic/build/[22m[36massets/ReceivingSheet-Cks4HB6-.js                               [39m[1m[2m  6.61 kB[22m[1m[22m[2m Γöé gzip:   2.34 kB[22m
[2mpublic/build/[22m[36massets/Show-Jhz-h6Gj.js                                         [39m[1m[2m  6.61 kB[22m[1m[22m[2m Γöé gzip:   2.02 kB[22m
[2mpublic/build/[22m[36massets/Index-D88O2ANQ.js                                        [39m[1m[2m  6.62 kB[22m[1m[22m[2m Γöé gzip:   2.66 kB[22m
[2mpublic/build/[22m[36massets/Show-DmewvvlH.js                                         [39m[1m[2m  6.63 kB[22m[1m[22m[2m Γöé gzip:   2.02 kB[22m
[2mpublic/build/[22m[36massets/Detail-Dah9MEnV.js                                       [39m[1m[2m  6.66 kB[22m[1m[22m[2m Γöé gzip:   2.23 kB[22m
[2mpublic/build/[22m[36massets/SaldoModal-B7P1rhOA.js                                   [39m[1m[2m  6.72 kB[22m[1m[22m[2m Γöé gzip:   2.31 kB[22m
[2mpublic/build/[22m[36massets/Create-BfcflqTh.js                                       [39m[1m[2m  6.74 kB[22m[1m[22m[2m Γöé gzip:   3.11 kB[22m
[2mpublic/build/[22m[36massets/RedeemDetailsModal-NDHVJq6o.js                           [39m[1m[2m  6.75 kB[22m[1m[22m[2m Γöé gzip:   2.31 kB[22m
[2mpublic/build/[22m[36massets/Form-DoDoPTqT.js                                         [39m[1m[2m  6.77 kB[22m[1m[22m[2m Γöé gzip:   2.36 kB[22m
[2mpublic/build/[22m[36massets/ActionPlanGuestReview-B7AL8XBB.js                        [39m[1m[2m  6.78 kB[22m[1m[22m[2m Γöé gzip:   2.36 kB[22m
[2mpublic/build/[22m[36massets/Show-CH5YiPW4.js                                         [39m[1m[2m  6.80 kB[22m[1m[22m[2m Γöé gzip:   2.61 kB[22m
[2mpublic/build/[22m[36massets/MaintenanceSchedule-NHO8JROn.js                          [39m[1m[2m  6.84 kB[22m[1m[22m[2m Γöé gzip:   2.25 kB[22m
[2mpublic/build/[22m[36massets/Detail-DVr-VOLK.js                                       [39m[1m[2m  6.84 kB[22m[1m[22m[2m Γöé gzip:   2.46 kB[22m
[2mpublic/build/[22m[36massets/Form-Bi2bPbjq.js                                         [39m[1m[2m  6.85 kB[22m[1m[22m[2m Γöé gzip:   2.29 kB[22m
[2mpublic/build/[22m[36massets/UserFormModal-CHCLWVq7.js                                [39m[1m[2m  6.87 kB[22m[1m[22m[2m Γöé gzip:   2.30 kB[22m
[2mpublic/build/[22m[36massets/Preview-CX1D6z5y.js                                      [39m[1m[2m  6.88 kB[22m[1m[22m[2m Γöé gzip:   2.49 kB[22m
[2mpublic/build/[22m[36massets/ActivationModal-CirUfxJz.js                              [39m[1m[2m  6.93 kB[22m[1m[22m[2m Γöé gzip:   2.43 kB[22m
[2mpublic/build/[22m[36massets/MaintenanceHistory-iGhwTyGe.js                           [39m[1m[2m  6.94 kB[22m[1m[22m[2m Γöé gzip:   2.38 kB[22m
[2mpublic/build/[22m[36massets/EvidenceList-DjxvHfw7.js                                 [39m[1m[2m  6.96 kB[22m[1m[22m[2m Γöé gzip:   2.04 kB[22m
[2mpublic/build/[22m[36massets/Edit-Ba_YnpOi.js                                         [39m[1m[2m  7.00 kB[22m[1m[22m[2m Γöé gzip:   2.52 kB[22m
[2mpublic/build/[22m[36massets/Index-DXxxtxuB.js                                        [39m[1m[2m  7.01 kB[22m[1m[22m[2m Γöé gzip:   2.93 kB[22m
[2mpublic/build/[22m[36massets/PurchaseOrderForm-DgiI8ei2.js                            [39m[1m[2m  7.02 kB[22m[1m[22m[2m Γöé gzip:   2.80 kB[22m
[2mpublic/build/[22m[36massets/AssetValue-BgGH25Ii.js                                   [39m[1m[2m  7.06 kB[22m[1m[22m[2m Γöé gzip:   2.27 kB[22m
[2mpublic/build/[22m[36massets/Index-WMRx77Z6.js                                        [39m[1m[2m  7.06 kB[22m[1m[22m[2m Γöé gzip:   2.59 kB[22m
[2mpublic/build/[22m[36massets/SlotMachine-7UWULVjC.js                                  [39m[1m[2m  7.10 kB[22m[1m[22m[2m Γöé gzip:   2.67 kB[22m
[2mpublic/build/[22m[36massets/Show-CLsUrR82.js                                         [39m[1m[2m  7.11 kB[22m[1m[22m[2m Γöé gzip:   2.28 kB[22m
[2mpublic/build/[22m[36massets/Preview-BXnqswyA.js                                      [39m[1m[2m  7.13 kB[22m[1m[22m[2m Γöé gzip:   2.56 kB[22m
[2mpublic/build/[22m[36massets/Create-CCyfGUVB.js                                       [39m[1m[2m  7.14 kB[22m[1m[22m[2m Γöé gzip:   2.17 kB[22m
[2mpublic/build/[22m[36massets/LotteryMachine-B3Qy71LH.js                               [39m[1m[2m  7.15 kB[22m[1m[22m[2m Γöé gzip:   2.66 kB[22m
[2mpublic/build/[22m[36massets/Index-AqLrxFUI.js                                        [39m[1m[2m  7.21 kB[22m[1m[22m[2m Γöé gzip:   2.86 kB[22m
[2mpublic/build/[22m[36massets/Index-BR2yRuzH.js                                        [39m[1m[2m  7.21 kB[22m[1m[22m[2m Γöé gzip:   2.55 kB[22m
[2mpublic/build/[22m[36massets/QuickScheduleModal-CmfSzLgB.js                           [39m[1m[2m  7.22 kB[22m[1m[22m[2m Γöé gzip:   2.70 kB[22m
[2mpublic/build/[22m[36massets/Show-VcdbPv0V.js                                         [39m[1m[2m  7.22 kB[22m[1m[22m[2m Γöé gzip:   2.10 kB[22m
[2mpublic/build/[22m[36massets/Index-BKYflp6h.js                                        [39m[1m[2m  7.23 kB[22m[1m[22m[2m Γöé gzip:   2.70 kB[22m
[2mpublic/build/[22m[36massets/KanbanBoard-BFgTsBG3.js                                  [39m[1m[2m  7.24 kB[22m[1m[22m[2m Γöé gzip:   2.92 kB[22m
[2mpublic/build/[22m[36massets/PendingApprovals-Ctrf5de2.js                             [39m[1m[2m  7.24 kB[22m[1m[22m[2m Γöé gzip:   2.63 kB[22m
[2mpublic/build/[22m[36massets/CustomerModal-BM9u_CrJ.js                                [39m[1m[2m  7.27 kB[22m[1m[22m[2m Γöé gzip:   2.37 kB[22m
[2mpublic/build/[22m[36massets/ManageBanks-DlzQxiBs.js                                  [39m[1m[2m  7.30 kB[22m[1m[22m[2m Γöé gzip:   2.74 kB[22m
[2mpublic/build/[22m[36massets/Show-Cl3tt6Z3.js                                         [39m[1m[2m  7.33 kB[22m[1m[22m[2m Γöé gzip:   2.32 kB[22m
[2mpublic/build/[22m[36massets/Show-CuJEFaka.js                                         [39m[1m[2m  7.34 kB[22m[1m[22m[2m Γöé gzip:   2.43 kB[22m
[2mpublic/build/[22m[36massets/Create-Bv-AjiQ_.js                                       [39m[1m[2m  7.34 kB[22m[1m[22m[2m Γöé gzip:   2.39 kB[22m
[2mpublic/build/[22m[36massets/Depreciation-CWn3VPu2.js                                 [39m[1m[2m  7.35 kB[22m[1m[22m[2m Γöé gzip:   2.32 kB[22m
[2mpublic/build/[22m[36massets/CreateFromDO-CJyY4eaj.js                                 [39m[1m[2m  7.38 kB[22m[1m[22m[2m Γöé gzip:   2.92 kB[22m
[2mpublic/build/[22m[36massets/Index-oAydQF8k.js                                        [39m[1m[2m  7.39 kB[22m[1m[22m[2m Γöé gzip:   2.78 kB[22m
[2mpublic/build/[22m[36massets/PosDesignSyncMonitor-CkHdYJ6E.js                         [39m[1m[2m  7.39 kB[22m[1m[22m[2m Γöé gzip:   2.27 kB[22m
[2mpublic/build/[22m[36massets/Show-BxzHNsPH.js                                         [39m[1m[2m  7.46 kB[22m[1m[22m[2m Γöé gzip:   2.39 kB[22m
[2mpublic/build/[22m[36massets/PurchaseRequisitionForm-DEF40tUr.js                      [39m[1m[2m  7.47 kB[22m[1m[22m[2m Γöé gzip:   2.40 kB[22m
[2mpublic/build/[22m[36massets/Detail-BEWRt9lz.js                                       [39m[1m[2m  7.47 kB[22m[1m[22m[2m Γöé gzip:   2.54 kB[22m
[2mpublic/build/[22m[36massets/Index-_hGNu53N.js                                        [39m[1m[2m  7.49 kB[22m[1m[22m[2m Γöé gzip:   2.92 kB[22m
[2mpublic/build/[22m[36massets/Show-CQq68Dcm.js                                         [39m[1m[2m  7.49 kB[22m[1m[22m[2m Γöé gzip:   2.46 kB[22m
[2mpublic/build/[22m[36massets/ReportRekapFJ-CSnD2tw-.js                                [39m[1m[2m  7.50 kB[22m[1m[22m[2m Γöé gzip:   2.67 kB[22m
[2mpublic/build/[22m[36massets/Show-BPPg0WKf.js                                         [39m[1m[2m  7.51 kB[22m[1m[22m[2m Γöé gzip:   2.37 kB[22m
[2mpublic/build/[22m[36massets/Index-Dct6mU9g.js                                        [39m[1m[2m  7.53 kB[22m[1m[22m[2m Γöé gzip:   2.21 kB[22m
[2mpublic/build/[22m[36massets/ActionPlanButton-D06pBO5k.js                             [39m[1m[2m  7.55 kB[22m[1m[22m[2m Γöé gzip:   3.06 kB[22m
[2mpublic/build/[22m[36massets/ReportSalesAllItemAllOutlet-qHGSOjVJ.js                  [39m[1m[2m  7.56 kB[22m[1m[22m[2m Γöé gzip:   2.58 kB[22m
[2mpublic/build/[22m[36massets/ReportSalesPerCategory-uqxbNLvA.js                       [39m[1m[2m  7.57 kB[22m[1m[22m[2m Γöé gzip:   2.66 kB[22m
[2mpublic/build/[22m[36massets/Report-Dvxmwk0V.js                                       [39m[1m[2m  7.61 kB[22m[1m[22m[2m Γöé gzip:   2.33 kB[22m
[2mpublic/build/[22m[36massets/ActionPlanGuestReviewEdit-DSq-HP2h.js                    [39m[1m[2m  7.62 kB[22m[1m[22m[2m Γöé gzip:   2.57 kB[22m
[2mpublic/build/[22m[36massets/Create-Ie7es4yE.js                                       [39m[1m[2m  7.62 kB[22m[1m[22m[2m Γöé gzip:   2.56 kB[22m
[2mpublic/build/[22m[36massets/ActionPlanList-DjZW0zYb.js                               [39m[1m[2m  7.63 kB[22m[1m[22m[2m Γöé gzip:   2.22 kB[22m
[2mpublic/build/[22m[36massets/Index-CxHkvVZk.js                                        [39m[1m[2m  7.64 kB[22m[1m[22m[2m Γöé gzip:   2.62 kB[22m
[2mpublic/build/[22m[36massets/AnnouncementEditModal-br7P8vMF.js                        [39m[1m[2m  7.72 kB[22m[1m[22m[2m Γöé gzip:   2.83 kB[22m
[2mpublic/build/[22m[36massets/PrintPreviewModal-7rpvMjrZ.js                            [39m[1m[2m  7.75 kB[22m[1m[22m[2m Γöé gzip:   3.04 kB[22m
[2mpublic/build/[22m[36massets/Index-Wr3v4bst.js                                        [39m[1m[2m  7.76 kB[22m[1m[22m[2m Γöé gzip:   2.81 kB[22m
[2mpublic/build/[22m[36massets/Edit-BcaYQjx2.js                                         [39m[1m[2m  7.76 kB[22m[1m[22m[2m Γöé gzip:   2.27 kB[22m
[2mpublic/build/[22m[36massets/Index-DwcTIacI.js                                        [39m[1m[2m  7.80 kB[22m[1m[22m[2m Γöé gzip:   2.24 kB[22m
[2mpublic/build/[22m[36massets/Report-Bf23K_VR.js                                       [39m[1m[2m  7.80 kB[22m[1m[22m[2m Γöé gzip:   2.37 kB[22m
[2mpublic/build/[22m[36massets/Attempt-Co2s2n9k.js                                      [39m[1m[2m  7.82 kB[22m[1m[22m[2m Γöé gzip:   2.98 kB[22m
[2mpublic/build/[22m[36massets/Create-BLXowVIx.js                                       [39m[1m[2m  7.82 kB[22m[1m[22m[2m Γöé gzip:   2.96 kB[22m
[2mpublic/build/[22m[36massets/OutletSummary-DYhdFAS9.js                                [39m[1m[2m  7.84 kB[22m[1m[22m[2m Γöé gzip:   2.65 kB[22m
[2mpublic/build/[22m[36massets/Edit-CwsIifY7.js                                         [39m[1m[2m  7.88 kB[22m[1m[22m[2m Γöé gzip:   2.60 kB[22m
[2mpublic/build/[22m[36massets/Index-DflsKs9y.js                                        [39m[1m[2m  7.91 kB[22m[1m[22m[2m Γöé gzip:   2.49 kB[22m
[2mpublic/build/[22m[36massets/JabatanFormModal-BTVs4EGS.js                             [39m[1m[2m  7.91 kB[22m[1m[22m[2m Γöé gzip:   2.52 kB[22m
[2mpublic/build/[22m[36massets/AgingReport-DYdBhmvt.js                                  [39m[1m[2m  8.06 kB[22m[1m[22m[2m Γöé gzip:   2.55 kB[22m
[2mpublic/build/[22m[36massets/Show-CE7T3rzD.js                                         [39m[1m[2m  8.08 kB[22m[1m[22m[2m Γöé gzip:   2.81 kB[22m
[2mpublic/build/[22m[36massets/Report-D9CDdB3s.js                                       [39m[1m[2m  8.09 kB[22m[1m[22m[2m Γöé gzip:   2.49 kB[22m
[2mpublic/build/[22m[36massets/List-Ion5tfAx.js                                         [39m[1m[2m  8.14 kB[22m[1m[22m[2m Γöé gzip:   2.56 kB[22m
[2mpublic/build/[22m[36massets/Index-daJCaAda.js                                        [39m[1m[2m  8.14 kB[22m[1m[22m[2m Γöé gzip:   3.08 kB[22m
[2mpublic/build/[22m[36massets/Index-BxKpZJ0e.js                                        [39m[1m[2m  8.18 kB[22m[1m[22m[2m Γöé gzip:   3.13 kB[22m
[2mpublic/build/[22m[36massets/Create-D3xVV3Qq.js                                       [39m[1m[2m  8.23 kB[22m[1m[22m[2m Γöé gzip:   3.12 kB[22m
[2mpublic/build/[22m[36massets/ModifierOptionFormModal-B2OuZzF_.js                      [39m[1m[2m  8.24 kB[22m[1m[22m[2m Γöé gzip:   3.13 kB[22m
[2mpublic/build/[22m[36massets/Edit-zgwbdaqO.js                                         [39m[1m[2m  8.25 kB[22m[1m[22m[2m Γöé gzip:   2.61 kB[22m
[2mpublic/build/[22m[36massets/InventoryValueReport-B3krx6Uw.js                         [39m[1m[2m  8.26 kB[22m[1m[22m[2m Γöé gzip:   2.52 kB[22m
[2mpublic/build/[22m[36massets/Create-ht0iu_hh.js                                       [39m[1m[2m  8.31 kB[22m[1m[22m[2m Γöé gzip:   2.55 kB[22m
[2mpublic/build/[22m[36massets/Show-CywR1LDz.js                                         [39m[1m[2m  8.31 kB[22m[1m[22m[2m Γöé gzip:   2.51 kB[22m
[2mpublic/build/[22m[36massets/Create-DoVUyz3r.js                                       [39m[1m[2m  8.32 kB[22m[1m[22m[2m Γöé gzip:   2.97 kB[22m
[2mpublic/build/[22m[36massets/MyTests-BndgJxFU.js                                      [39m[1m[2m  8.35 kB[22m[1m[22m[2m Γöé gzip:   2.85 kB[22m
[2mpublic/build/[22m[36massets/CrmPurchasingPowerChart-CXtPiWlD.js                      [39m[1m[2m  8.35 kB[22m[1m[22m[2m Γöé gzip:   3.04 kB[22m
[2mpublic/build/[22m[36massets/Index-lxoR5rGF.js                                        [39m[1m[2m  8.37 kB[22m[1m[22m[2m Γöé gzip:   2.73 kB[22m
[2mpublic/build/[22m[36massets/Edit-CCJYnR2K.js                                         [39m[1m[2m  8.39 kB[22m[1m[22m[2m Γöé gzip:   2.74 kB[22m
[2mpublic/build/[22m[36massets/MasterReportFormModal-DB5JvIPE.js                        [39m[1m[2m  8.45 kB[22m[1m[22m[2m Γöé gzip:   2.68 kB[22m
[2mpublic/build/[22m[36massets/Show-Bg2JKRIJ.js                                         [39m[1m[2m  8.46 kB[22m[1m[22m[2m Γöé gzip:   2.64 kB[22m
[2mpublic/build/[22m[36massets/AiReportShow-npN8VmkZ.js                                 [39m[1m[2m  8.49 kB[22m[1m[22m[2m Γöé gzip:   3.26 kB[22m
[2mpublic/build/[22m[36massets/Show-DR81yKBY.js                                         [39m[1m[2m  8.51 kB[22m[1m[22m[2m Γöé gzip:   2.53 kB[22m
[2mpublic/build/[22m[36massets/OutletDailyRevenueModal-DcaOo1rj.js                      [39m[1m[2m  8.57 kB[22m[1m[22m[2m Γöé gzip:   2.94 kB[22m
[2mpublic/build/[22m[36massets/Show-C0zCf8kN.js                                         [39m[1m[2m  8.58 kB[22m[1m[22m[2m Γöé gzip:   2.69 kB[22m
[2mpublic/build/[22m[36massets/SessionModal-C5sFlXY1.js                                 [39m[1m[2m  8.59 kB[22m[1m[22m[2m Γöé gzip:   2.65 kB[22m
[2mpublic/build/[22m[36massets/Show-ibf85Erb.js                                         [39m[1m[2m  8.60 kB[22m[1m[22m[2m Γöé gzip:   2.35 kB[22m
[2mpublic/build/[22m[36massets/Show-CJ55cuu9.js                                         [39m[1m[2m  8.63 kB[22m[1m[22m[2m Γöé gzip:   2.81 kB[22m
[2mpublic/build/[22m[36massets/Show-LwsSP41P.js                                         [39m[1m[2m  8.63 kB[22m[1m[22m[2m Γöé gzip:   2.75 kB[22m
[2mpublic/build/[22m[36massets/Index-C7miJhZU.js                                        [39m[1m[2m  8.65 kB[22m[1m[22m[2m Γöé gzip:   2.76 kB[22m
[2mpublic/build/[22m[36massets/Form-B6on4mAX.js                                         [39m[1m[2m  8.70 kB[22m[1m[22m[2m Γöé gzip:   3.07 kB[22m
[2mpublic/build/[22m[36massets/Create-BfWhLl9t.js                                       [39m[1m[2m  8.73 kB[22m[1m[22m[2m Γöé gzip:   2.79 kB[22m
[2mpublic/build/[22m[36massets/Show-BZMxOrIW.js                                         [39m[1m[2m  8.78 kB[22m[1m[22m[2m Γöé gzip:   2.95 kB[22m
[2mpublic/build/[22m[36massets/Show-D30JELSu.js                                         [39m[1m[2m  8.81 kB[22m[1m[22m[2m Γöé gzip:   3.29 kB[22m
[2mpublic/build/[22m[36massets/Edit-B_tPjFs-.js                                         [39m[1m[2m  8.85 kB[22m[1m[22m[2m Γöé gzip:   2.86 kB[22m
[2mpublic/build/[22m[36massets/Index-aODIznuQ.js                                        [39m[1m[2m  8.88 kB[22m[1m[22m[2m Γöé gzip:   3.06 kB[22m
[2mpublic/build/[22m[36massets/Index-Bc0bxIDM.js                                        [39m[1m[2m  8.91 kB[22m[1m[22m[2m Γöé gzip:   2.39 kB[22m
[2mpublic/build/[22m[36massets/Index-DYJPM5SE.js                                        [39m[1m[2m  9.02 kB[22m[1m[22m[2m Γöé gzip:   3.02 kB[22m
[2mpublic/build/[22m[36massets/ChallengeIndex-b363KXho.js                               [39m[1m[2m  9.04 kB[22m[1m[22m[2m Γöé gzip:   2.92 kB[22m
[2mpublic/build/[22m[36massets/Edit-CbUGUZdh.js                                         [39m[1m[2m  9.07 kB[22m[1m[22m[2m Γöé gzip:   3.01 kB[22m
[2mpublic/build/[22m[36massets/Form-DmGvAb0Z.js                                         [39m[1m[2m  9.10 kB[22m[1m[22m[2m Γöé gzip:   2.67 kB[22m
[2mpublic/build/[22m[36massets/Form-CJHcJJJZ.js                                         [39m[1m[2m  9.11 kB[22m[1m[22m[2m Γöé gzip:   3.47 kB[22m
[2mpublic/build/[22m[36massets/Index-OOa5iwSe.js                                        [39m[1m[2m  9.13 kB[22m[1m[22m[2m Γöé gzip:   3.13 kB[22m
[2mpublic/build/[22m[36massets/GoodsReceivedReport-BEtLImuN.js                          [39m[1m[2m  9.13 kB[22m[1m[22m[2m Γöé gzip:   2.89 kB[22m
[2mpublic/build/[22m[36massets/CategoryFormModal-QqkZR05G.js                            [39m[1m[2m  9.14 kB[22m[1m[22m[2m Γöé gzip:   3.19 kB[22m
[2mpublic/build/[22m[36massets/ItemEngineering-CSyfXmB2.js                              [39m[1m[2m  9.16 kB[22m[1m[22m[2m Γöé gzip:   3.02 kB[22m
[2mpublic/build/[22m[36massets/OutletFormModal-BLzlccGG.js                              [39m[1m[2m  9.16 kB[22m[1m[22m[2m Γöé gzip:   2.98 kB[22m
[2mpublic/build/[22m[36massets/OutletWeekendWeekdayModal-C8iq3PaO.js                    [39m[1m[2m  9.16 kB[22m[1m[22m[2m Γöé gzip:   3.06 kB[22m
[2mpublic/build/[22m[36massets/MyCourses-BR6E-yav.js                                    [39m[1m[2m  9.18 kB[22m[1m[22m[2m Γöé gzip:   3.07 kB[22m
[2mpublic/build/[22m[36massets/OutletLunchDinnerModal-CZPZoZLX.js                       [39m[1m[2m  9.18 kB[22m[1m[22m[2m Γöé gzip:   3.07 kB[22m
[2mpublic/build/[22m[36massets/ActiveUsers-CfI_-7zv.js                                  [39m[1m[2m  9.20 kB[22m[1m[22m[2m Γöé gzip:   3.39 kB[22m
[2mpublic/build/[22m[36massets/EditCategory-DSk5Faq1.js                                 [39m[1m[2m  9.29 kB[22m[1m[22m[2m Γöé gzip:   3.09 kB[22m
[2mpublic/build/[22m[36massets/ItemBarcodeModal-D_3awcu3.js                             [39m[1m[2m  9.29 kB[22m[1m[22m[2m Γöé gzip:   3.77 kB[22m
[2mpublic/build/[22m[36massets/Index-xBqm-5JL.js                                        [39m[1m[2m  9.31 kB[22m[1m[22m[2m Γöé gzip:   3.26 kB[22m
[2mpublic/build/[22m[36massets/Detail-Dfp03nxF.js                                       [39m[1m[2m  9.38 kB[22m[1m[22m[2m Γöé gzip:   2.56 kB[22m
[2mpublic/build/[22m[36massets/Form-bdD73G7Q.js                                         [39m[1m[2m  9.41 kB[22m[1m[22m[2m Γöé gzip:   3.48 kB[22m
[2mpublic/build/[22m[36massets/Create-C6tHb4BE.js                                       [39m[1m[2m  9.41 kB[22m[1m[22m[2m Γöé gzip:   2.70 kB[22m
[2mpublic/build/[22m[36massets/Index-CWO2TGgg.js                                        [39m[1m[2m  9.43 kB[22m[1m[22m[2m Γöé gzip:   3.18 kB[22m
[2mpublic/build/[22m[36massets/Index-BaxROCNV.js                                        [39m[1m[2m  9.44 kB[22m[1m[22m[2m Γöé gzip:   3.08 kB[22m
[2mpublic/build/[22m[36massets/Form-CatNJvFI.js                                         [39m[1m[2m  9.45 kB[22m[1m[22m[2m Γöé gzip:   3.79 kB[22m
[2mpublic/build/[22m[36massets/TrainerReport--0pU68Qw.js                                [39m[1m[2m  9.46 kB[22m[1m[22m[2m Γöé gzip:   3.07 kB[22m
[2mpublic/build/[22m[36massets/Index-tABsoEfH.js                                        [39m[1m[2m  9.46 kB[22m[1m[22m[2m Γöé gzip:   3.09 kB[22m
[2mpublic/build/[22m[36massets/Show-DScBgbdG.js                                         [39m[1m[2m  9.47 kB[22m[1m[22m[2m Γöé gzip:   2.99 kB[22m
[2mpublic/build/[22m[36massets/Index-DrG87hxM.js                                        [39m[1m[2m  9.49 kB[22m[1m[22m[2m Γöé gzip:   3.08 kB[22m
[2mpublic/build/[22m[36massets/Index-C83QczT4.js                                        [39m[1m[2m  9.49 kB[22m[1m[22m[2m Γöé gzip:   3.61 kB[22m
[2mpublic/build/[22m[36massets/LeaveBalanceReport-BgkTwBDC.js                           [39m[1m[2m  9.54 kB[22m[1m[22m[2m Γöé gzip:   3.10 kB[22m
[2mpublic/build/[22m[36massets/AnnouncementCreateModal-DWpkH8Xz.js                      [39m[1m[2m  9.57 kB[22m[1m[22m[2m Γöé gzip:   2.62 kB[22m
[2mpublic/build/[22m[36massets/Edit-6J3s6U99.js                                         [39m[1m[2m  9.57 kB[22m[1m[22m[2m Γöé gzip:   2.73 kB[22m
[2mpublic/build/[22m[36massets/Create-DSHuL4tn.js                                       [39m[1m[2m  9.58 kB[22m[1m[22m[2m Γöé gzip:   2.48 kB[22m
[2mpublic/build/[22m[36massets/Index-B6oogx6f.js                                        [39m[1m[2m  9.61 kB[22m[1m[22m[2m Γöé gzip:   3.65 kB[22m
[2mpublic/build/[22m[36massets/Create-CMUfr4pw.js                                       [39m[1m[2m  9.65 kB[22m[1m[22m[2m Γöé gzip:   3.01 kB[22m
[2mpublic/build/[22m[36massets/Index-Dz6FnfME.js                                        [39m[1m[2m  9.67 kB[22m[1m[22m[2m Γöé gzip:   3.29 kB[22m
[2mpublic/build/[22m[36massets/Index-BECO70mq.js                                        [39m[1m[2m  9.67 kB[22m[1m[22m[2m Γöé gzip:   3.10 kB[22m
[2mpublic/build/[22m[36massets/ImportModal-JDIdcpYB.js                                  [39m[1m[2m  9.70 kB[22m[1m[22m[2m Γöé gzip:   3.44 kB[22m
[2mpublic/build/[22m[36massets/Index-D-e4XpTR.js                                        [39m[1m[2m  9.70 kB[22m[1m[22m[2m Γöé gzip:   3.42 kB[22m
[2mpublic/build/[22m[36massets/Index-Cp8h7YRF.js                                        [39m[1m[2m  9.70 kB[22m[1m[22m[2m Γöé gzip:   3.03 kB[22m
[2mpublic/build/[22m[36massets/DivisiFormModal-DXeKmDJW.js                              [39m[1m[2m  9.79 kB[22m[1m[22m[2m Γöé gzip:   3.20 kB[22m
[2mpublic/build/[22m[36massets/ReportDailyOutletRevenue-BTHzb2ws.js                     [39m[1m[2m  9.84 kB[22m[1m[22m[2m Γöé gzip:   2.79 kB[22m
[2mpublic/build/[22m[36massets/Index-BCigJBzX.js                                        [39m[1m[2m  9.87 kB[22m[1m[22m[2m Γöé gzip:   3.43 kB[22m
[2mpublic/build/[22m[36massets/MaterialModal-LBQOWbRo.js                                [39m[1m[2m  9.93 kB[22m[1m[22m[2m Γöé gzip:   3.27 kB[22m
[2mpublic/build/[22m[36massets/PaymentModal-CFQlTcvl.js                                 [39m[1m[2m  9.96 kB[22m[1m[22m[2m Γöé gzip:   3.27 kB[22m
[2mpublic/build/[22m[36massets/Create-DIw3wcPA.js                                       [39m[1m[2m  9.99 kB[22m[1m[22m[2m Γöé gzip:   2.54 kB[22m
[2mpublic/build/[22m[36massets/Show-CWsjUYB5.js                                         [39m[1m[2m 10.01 kB[22m[1m[22m[2m Γöé gzip:   3.05 kB[22m
[2mpublic/build/[22m[36massets/Index-BhkVQXbi.js                                        [39m[1m[2m 10.13 kB[22m[1m[22m[2m Γöé gzip:   3.62 kB[22m
[2mpublic/build/[22m[36massets/Show-e71jto9Q.js                                         [39m[1m[2m 10.16 kB[22m[1m[22m[2m Γöé gzip:   3.14 kB[22m
[2mpublic/build/[22m[36massets/SubCategoryFormModal-Bbj795AO.js                         [39m[1m[2m 10.19 kB[22m[1m[22m[2m Γöé gzip:   3.25 kB[22m
[2mpublic/build/[22m[36massets/Calendar-Bl_bgK2a.js                                     [39m[1m[2m 10.21 kB[22m[1m[22m[2m Γöé gzip:   3.86 kB[22m
[2mpublic/build/[22m[36massets/Edit-DIlCyyap.js                                         [39m[1m[2m 10.23 kB[22m[1m[22m[2m Γöé gzip:   2.57 kB[22m
[2mpublic/build/[22m[36massets/Edit-DNr2vou2.js                                         [39m[1m[2m 10.26 kB[22m[1m[22m[2m Γöé gzip:   2.58 kB[22m
[2mpublic/build/[22m[36massets/Index-Dp7qMQjY.js                                        [39m[1m[2m 10.27 kB[22m[1m[22m[2m Γöé gzip:   3.43 kB[22m
[2mpublic/build/[22m[36massets/Index-DgIt3Lqj.js                                        [39m[1m[2m 10.28 kB[22m[1m[22m[2m Γöé gzip:   3.31 kB[22m
[2mpublic/build/[22m[36massets/Create-nFUgKJiE.js                                       [39m[1m[2m 10.35 kB[22m[1m[22m[2m Γöé gzip:   3.47 kB[22m
[2mpublic/build/[22m[36massets/Index-oklmE75_.js                                        [39m[1m[2m 10.37 kB[22m[1m[22m[2m Γöé gzip:   2.89 kB[22m
[2mpublic/build/[22m[36massets/Index-B2SmdZZN.js                                        [39m[1m[2m 10.41 kB[22m[1m[22m[2m Γöé gzip:   3.08 kB[22m
[2mpublic/build/[22m[36massets/Form-D-CRCCp8.js                                         [39m[1m[2m 10.49 kB[22m[1m[22m[2m Γöé gzip:   3.50 kB[22m
[2mpublic/build/[22m[36massets/Edit-ZNEboUh8.js                                         [39m[1m[2m 10.54 kB[22m[1m[22m[2m Γöé gzip:   3.56 kB[22m
[2mpublic/build/[22m[36massets/Index-BcMoGw6a.js                                        [39m[1m[2m 10.54 kB[22m[1m[22m[2m Γöé gzip:   3.55 kB[22m
[2mpublic/build/[22m[36massets/ReportSupplier-B-cjGfK_.js                               [39m[1m[2m 10.60 kB[22m[1m[22m[2m Γöé gzip:   3.42 kB[22m
[2mpublic/build/[22m[36massets/Show-Daz5Xb2W.js                                         [39m[1m[2m 10.67 kB[22m[1m[22m[2m Γöé gzip:   3.24 kB[22m
[2mpublic/build/[22m[36massets/Index-CJRrN20V.js                                        [39m[1m[2m 10.67 kB[22m[1m[22m[2m Γöé gzip:   3.44 kB[22m
[2mpublic/build/[22m[36massets/StockCard-Bajpfrei.js                                    [39m[1m[2m 10.68 kB[22m[1m[22m[2m Γöé gzip:   3.53 kB[22m
[2mpublic/build/[22m[36massets/Index-DBck_BRG.js                                        [39m[1m[2m 10.77 kB[22m[1m[22m[2m Γöé gzip:   3.85 kB[22m
[2mpublic/build/[22m[36massets/AddRetailItem-BQL3xQIK.js                                [39m[1m[2m 10.80 kB[22m[1m[22m[2m Γöé gzip:   3.66 kB[22m
[2mpublic/build/[22m[36massets/DetailPurchaseOrderFoods-Ch-2jF7B.js                     [39m[1m[2m 10.82 kB[22m[1m[22m[2m Γöé gzip:   3.43 kB[22m
[2mpublic/build/[22m[36massets/Create-ahPzxx8c.js                                       [39m[1m[2m 10.82 kB[22m[1m[22m[2m Γöé gzip:   3.26 kB[22m
[2mpublic/build/[22m[36massets/Index-zGDbbiPq.js                                        [39m[1m[2m 10.88 kB[22m[1m[22m[2m Γöé gzip:   3.48 kB[22m
[2mpublic/build/[22m[36massets/Form-BaTbfzZL.js                                         [39m[1m[2m 10.91 kB[22m[1m[22m[2m Γöé gzip:   4.31 kB[22m
[2mpublic/build/[22m[36massets/CreateComplex-qsuu8Byd.js                                [39m[1m[2m 10.93 kB[22m[1m[22m[2m Γöé gzip:   2.87 kB[22m
[2mpublic/build/[22m[36massets/Index-tbOAZGIu.js                                        [39m[1m[2m 10.96 kB[22m[1m[22m[2m Γöé gzip:   3.85 kB[22m
[2mpublic/build/[22m[36massets/EditComplex-DpiDSUcf.js                                  [39m[1m[2m 11.09 kB[22m[1m[22m[2m Γöé gzip:   2.91 kB[22m
[2mpublic/build/[22m[36massets/Index-CZPSUrBQ.js                                        [39m[1m[2m 11.10 kB[22m[1m[22m[2m Γöé gzip:   3.55 kB[22m
[2mpublic/build/[22m[36massets/Reports-HWb0dklr.js                                      [39m[1m[2m 11.15 kB[22m[1m[22m[2m Γöé gzip:   2.87 kB[22m
[2mpublic/build/[22m[36massets/Index-1feHterz.js                                        [39m[1m[2m 11.19 kB[22m[1m[22m[2m Γöé gzip:   3.49 kB[22m
[2mpublic/build/[22m[36massets/CreateCategory-VpbkQHR3.js                               [39m[1m[2m 11.21 kB[22m[1m[22m[2m Γöé gzip:   3.22 kB[22m
[2mpublic/build/[22m[36massets/InventoryValueReport-BTCBf5jZ.js                         [39m[1m[2m 11.22 kB[22m[1m[22m[2m Γöé gzip:   3.35 kB[22m
[2mpublic/build/[22m[36massets/OrderDetailModal-DJw91AG8.js                             [39m[1m[2m 11.23 kB[22m[1m[22m[2m Γöé gzip:   3.90 kB[22m
[2mpublic/build/[22m[36massets/PurchaseOrderDetailModal-Dxsm5V8m.js                     [39m[1m[2m 11.24 kB[22m[1m[22m[2m Γöé gzip:   3.86 kB[22m
[2mpublic/build/[22m[36massets/Create-CxfDJ9GY.js                                       [39m[1m[2m 11.24 kB[22m[1m[22m[2m Γöé gzip:   3.25 kB[22m
[2mpublic/build/[22m[36massets/Index-6i1qsDtd.js                                        [39m[1m[2m 11.29 kB[22m[1m[22m[2m Γöé gzip:   3.44 kB[22m
[2mpublic/build/[22m[36massets/ReportWeeklyOutletFbRevenue-CxvqROaq.js                  [39m[1m[2m 11.32 kB[22m[1m[22m[2m Γöé gzip:   3.48 kB[22m
[2mpublic/build/[22m[36massets/Index-BGP7bDIF.js                                        [39m[1m[2m 11.32 kB[22m[1m[22m[2m Γöé gzip:   3.49 kB[22m
[2mpublic/build/[22m[36massets/Show-BTjX5BWp.js                                         [39m[1m[2m 11.34 kB[22m[1m[22m[2m Γöé gzip:   3.08 kB[22m
[2mpublic/build/[22m[36massets/Edit-CunIu4AE.js                                         [39m[1m[2m 11.43 kB[22m[1m[22m[2m Γöé gzip:   3.72 kB[22m
[2mpublic/build/[22m[36massets/Index-4_4_WMnP.js                                        [39m[1m[2m 11.43 kB[22m[1m[22m[2m Γöé gzip:   3.43 kB[22m
[2mpublic/build/[22m[36massets/Index-DD6TifA6.js                                        [39m[1m[2m 11.47 kB[22m[1m[22m[2m Γöé gzip:   2.78 kB[22m
[2mpublic/build/[22m[36massets/Create-2UAg3S0e.js                                       [39m[1m[2m 11.48 kB[22m[1m[22m[2m Γöé gzip:   3.90 kB[22m
[2mpublic/build/[22m[36massets/Verify-CJOr6ZZB.js                                       [39m[1m[2m 11.49 kB[22m[1m[22m[2m Γöé gzip:   3.73 kB[22m
[2mpublic/build/[22m[36massets/SupplierFormModal-zFu3m5k4.js                            [39m[1m[2m 11.52 kB[22m[1m[22m[2m Γöé gzip:   2.74 kB[22m
[2mpublic/build/[22m[36massets/Index-pHlpTd9V.js                                        [39m[1m[2m 11.52 kB[22m[1m[22m[2m Γöé gzip:   3.55 kB[22m
[2mpublic/build/[22m[36massets/Create-C8MdY7rG.js                                       [39m[1m[2m 11.54 kB[22m[1m[22m[2m Γöé gzip:   3.73 kB[22m
[2mpublic/build/[22m[36massets/MemberReports-CW3SvvUY.js                                [39m[1m[2m 11.58 kB[22m[1m[22m[2m Γöé gzip:   2.86 kB[22m
[2mpublic/build/[22m[36massets/Create-DvvKxvlY.js                                       [39m[1m[2m 11.61 kB[22m[1m[22m[2m Γöé gzip:   3.30 kB[22m
[2mpublic/build/[22m[36massets/StockCard-DKU0EveB.js                                    [39m[1m[2m 11.67 kB[22m[1m[22m[2m Γöé gzip:   4.05 kB[22m
[2mpublic/build/[22m[36massets/Index-kgn9oI2e.js                                        [39m[1m[2m 11.68 kB[22m[1m[22m[2m Γöé gzip:   4.02 kB[22m
[2mpublic/build/[22m[36massets/Form-J7iEaiCL.js                                         [39m[1m[2m 11.68 kB[22m[1m[22m[2m Γöé gzip:   3.70 kB[22m
[2mpublic/build/[22m[36massets/Index-C4WCAPld.js                                        [39m[1m[2m 11.70 kB[22m[1m[22m[2m Γöé gzip:   3.46 kB[22m
[2mpublic/build/[22m[36massets/FloorOrderVsForecast-DKWM0bZq.js                         [39m[1m[2m 11.71 kB[22m[1m[22m[2m Γöé gzip:   3.64 kB[22m
[2mpublic/build/[22m[36massets/Show-B7G5Crpp.js                                         [39m[1m[2m 11.74 kB[22m[1m[22m[2m Γöé gzip:   3.44 kB[22m
[2mpublic/build/[22m[36massets/Show-Bzq59i-c.js                                         [39m[1m[2m 11.75 kB[22m[1m[22m[2m Γöé gzip:   3.15 kB[22m
[2mpublic/build/[22m[36massets/Edit-NgxaKj3P.js                                         [39m[1m[2m 11.78 kB[22m[1m[22m[2m Γöé gzip:   3.36 kB[22m
[2mpublic/build/[22m[36massets/Index-B-xAUuiP.js                                        [39m[1m[2m 11.80 kB[22m[1m[22m[2m Γöé gzip:   3.80 kB[22m
[2mpublic/build/[22m[36massets/Index-BDPnSvD-.js                                        [39m[1m[2m 11.81 kB[22m[1m[22m[2m Γöé gzip:   3.69 kB[22m
[2mpublic/build/[22m[36massets/FJDetailModal-LCptK4vO.js                                [39m[1m[2m 11.84 kB[22m[1m[22m[2m Γöé gzip:   3.02 kB[22m
[2mpublic/build/[22m[36massets/Index-BF3sItVD.js                                        [39m[1m[2m 11.89 kB[22m[1m[22m[2m Γöé gzip:   4.10 kB[22m
[2mpublic/build/[22m[36massets/EmployeeSummaryAttendance-BscKwSyp.js                    [39m[1m[2m 11.95 kB[22m[1m[22m[2m Γöé gzip:   3.64 kB[22m
[2mpublic/build/[22m[36massets/Index-B5ba2t_i.js                                        [39m[1m[2m 12.00 kB[22m[1m[22m[2m Γöé gzip:   3.63 kB[22m
[2mpublic/build/[22m[36massets/EditCategorySimple-B3NqPjoH.js                           [39m[1m[2m 12.06 kB[22m[1m[22m[2m Γöé gzip:   3.62 kB[22m
[2mpublic/build/[22m[36massets/Index-BzYY4d7Q.js                                        [39m[1m[2m 12.16 kB[22m[1m[22m[2m Γöé gzip:   3.54 kB[22m
[2mpublic/build/[22m[36massets/Show-EebAEtD_.js                                         [39m[1m[2m 12.28 kB[22m[1m[22m[2m Γöé gzip:   3.40 kB[22m
[2mpublic/build/[22m[36massets/TakeTest-CpAepK5l.js                                     [39m[1m[2m 12.38 kB[22m[1m[22m[2m Γöé gzip:   4.22 kB[22m
[2mpublic/build/[22m[36massets/DeliveryOrdersNotReceived-DG1HyV9W.js                    [39m[1m[2m 12.38 kB[22m[1m[22m[2m Γöé gzip:   3.43 kB[22m
[2mpublic/build/[22m[36massets/Dashboard-DW9VmUdz.js                                    [39m[1m[2m 12.39 kB[22m[1m[22m[2m Γöé gzip:   2.91 kB[22m
[2mpublic/build/[22m[36massets/Index-BfP4jz7Y.js                                        [39m[1m[2m 12.47 kB[22m[1m[22m[2m Γöé gzip:   3.83 kB[22m
[2mpublic/build/[22m[36massets/Edit-w3Rcakmj.js                                         [39m[1m[2m 12.52 kB[22m[1m[22m[2m Γöé gzip:   3.44 kB[22m
[2mpublic/build/[22m[36massets/Index-BiWZmURV.js                                        [39m[1m[2m 12.57 kB[22m[1m[22m[2m Γöé gzip:   3.89 kB[22m
[2mpublic/build/[22m[36massets/SelfOrder-BPhD-RRD.js                                    [39m[1m[2m 12.58 kB[22m[1m[22m[2m Γöé gzip:   4.25 kB[22m
[2mpublic/build/[22m[36massets/Index-ZcB6yeRg.js                                        [39m[1m[2m 12.59 kB[22m[1m[22m[2m Γöé gzip:   3.72 kB[22m
[2mpublic/build/[22m[36massets/Report-bhS0MQtL.js                                       [39m[1m[2m 12.61 kB[22m[1m[22m[2m Γöé gzip:   3.50 kB[22m
[2mpublic/build/[22m[36massets/Index-9HV2diex.js                                        [39m[1m[2m 12.66 kB[22m[1m[22m[2m Γöé gzip:   4.04 kB[22m
[2mpublic/build/[22m[36massets/Show-CfjZiX5_.js                                         [39m[1m[2m 12.69 kB[22m[1m[22m[2m Γöé gzip:   3.33 kB[22m
[2mpublic/build/[22m[36massets/Index-BdstTfeq.js                                        [39m[1m[2m 12.70 kB[22m[1m[22m[2m Γöé gzip:   3.75 kB[22m
[2mpublic/build/[22m[36massets/Create-0_i-JV-u.js                                       [39m[1m[2m 12.76 kB[22m[1m[22m[2m Γöé gzip:   4.05 kB[22m
[2mpublic/build/[22m[36massets/Index-C_h4W985.js                                        [39m[1m[2m 12.80 kB[22m[1m[22m[2m Γöé gzip:   4.10 kB[22m
[2mpublic/build/[22m[36massets/Show-DxusPoYF.js                                         [39m[1m[2m 12.86 kB[22m[1m[22m[2m Γöé gzip:   3.39 kB[22m
[2mpublic/build/[22m[36massets/Show-DAeYmxHM.js                                         [39m[1m[2m 12.93 kB[22m[1m[22m[2m Γöé gzip:   4.09 kB[22m
[2mpublic/build/[22m[36massets/Show-iNd2kpjx.js                                         [39m[1m[2m 12.94 kB[22m[1m[22m[2m Γöé gzip:   3.29 kB[22m
[2mpublic/build/[22m[36massets/Create-BIMDGwML.js                                       [39m[1m[2m 12.96 kB[22m[1m[22m[2m Γöé gzip:   4.35 kB[22m
[2mpublic/build/[22m[36massets/Index-fpyRisWU.js                                        [39m[1m[2m 12.99 kB[22m[1m[22m[2m Γöé gzip:   3.75 kB[22m
[2mpublic/build/[22m[36massets/Form-DSL6HxXH.js                                         [39m[1m[2m 13.10 kB[22m[1m[22m[2m Γöé gzip:   3.97 kB[22m
[2mpublic/build/[22m[36massets/ReportDailyRevenueForecast-CQsmeGj8.js                   [39m[1m[2m 13.10 kB[22m[1m[22m[2m Γöé gzip:   3.59 kB[22m
[2mpublic/build/[22m[36massets/Index-DajheBEy.js                                        [39m[1m[2m 13.14 kB[22m[1m[22m[2m Γöé gzip:   4.27 kB[22m
[2mpublic/build/[22m[36massets/TaskDetailModal-BVqjJ8MW.js                              [39m[1m[2m 13.15 kB[22m[1m[22m[2m Γöé gzip:   3.61 kB[22m
[2mpublic/build/[22m[36massets/Show-CaR3hdpz.js                                         [39m[1m[2m 13.16 kB[22m[1m[22m[2m Γöé gzip:   3.29 kB[22m
[2mpublic/build/[22m[36massets/Index-De90wEWs.js                                        [39m[1m[2m 13.17 kB[22m[1m[22m[2m Γöé gzip:   3.71 kB[22m
[2mpublic/build/[22m[36massets/Form-sDumECxP.js                                         [39m[1m[2m 13.23 kB[22m[1m[22m[2m Γöé gzip:   3.89 kB[22m
[2mpublic/build/[22m[36massets/ChallengeShow-BkULlbcs.js                                [39m[1m[2m 13.27 kB[22m[1m[22m[2m Γöé gzip:   3.07 kB[22m
[2mpublic/build/[22m[36massets/StockPosition-CWyK2DKC.js                                [39m[1m[2m 13.33 kB[22m[1m[22m[2m Γöé gzip:   4.33 kB[22m
[2mpublic/build/[22m[36massets/TrainerInvitationModal-RtYkZSzT.js                       [39m[1m[2m 13.35 kB[22m[1m[22m[2m Γöé gzip:   3.99 kB[22m
[2mpublic/build/[22m[36massets/Create-DEqRBfTk.js                                       [39m[1m[2m 13.36 kB[22m[1m[22m[2m Γöé gzip:   4.39 kB[22m
[2mpublic/build/[22m[36massets/QuizReport-BLdlGWzq.js                                   [39m[1m[2m 13.38 kB[22m[1m[22m[2m Γöé gzip:   3.54 kB[22m
[2mpublic/build/[22m[36massets/Index-xJc921i-.js                                        [39m[1m[2m 13.45 kB[22m[1m[22m[2m Γöé gzip:   3.72 kB[22m
[2mpublic/build/[22m[36massets/DebtReport-B1SsO2nD.js                                   [39m[1m[2m 13.48 kB[22m[1m[22m[2m Γöé gzip:   3.38 kB[22m
[2mpublic/build/[22m[36massets/CommentModal-DhaRU2vt.js                                 [39m[1m[2m 13.52 kB[22m[1m[22m[2m Γöé gzip:   4.83 kB[22m
[2mpublic/build/[22m[36massets/Index-BnzL31cr.js                                        [39m[1m[2m 13.60 kB[22m[1m[22m[2m Γöé gzip:   4.00 kB[22m
[2mpublic/build/[22m[36massets/Show-Bl71RP8b.js                                         [39m[1m[2m 13.62 kB[22m[1m[22m[2m Γöé gzip:   3.77 kB[22m
[2mpublic/build/[22m[36massets/Report-De1KtRbI.js                                       [39m[1m[2m 13.63 kB[22m[1m[22m[2m Γöé gzip:   4.16 kB[22m
[2mpublic/build/[22m[36massets/Index-ow5Gx3gU.js                                        [39m[1m[2m 13.63 kB[22m[1m[22m[2m Γöé gzip:   4.03 kB[22m
[2mpublic/build/[22m[36massets/Index-CUOBMEun.js                                        [39m[1m[2m 13.66 kB[22m[1m[22m[2m Γöé gzip:   3.61 kB[22m
[2mpublic/build/[22m[36massets/Index-BN73oXHe.js                                        [39m[1m[2m 13.68 kB[22m[1m[22m[2m Γöé gzip:   4.14 kB[22m
[2mpublic/build/[22m[36massets/Index-BIz0PvLq.js                                        [39m[1m[2m 13.74 kB[22m[1m[22m[2m Γöé gzip:   3.85 kB[22m
[2mpublic/build/[22m[36massets/Dashboard-C8_CDFYq.js                                    [39m[1m[2m 13.78 kB[22m[1m[22m[2m Γöé gzip:   3.53 kB[22m
[2mpublic/build/[22m[36massets/ModalDetailItem-wNYMiSKO.js                              [39m[1m[2m 13.85 kB[22m[1m[22m[2m Γöé gzip:   3.94 kB[22m
[2mpublic/build/[22m[36massets/Create-Ceks4Nvm.js                                       [39m[1m[2m 13.86 kB[22m[1m[22m[2m Γöé gzip:   4.12 kB[22m
[2mpublic/build/[22m[36massets/Create-BhFlstvo.js                                       [39m[1m[2m 13.89 kB[22m[1m[22m[2m Γöé gzip:   4.53 kB[22m
[2mpublic/build/[22m[36massets/Index-Sz1OynLI.js                                        [39m[1m[2m 13.92 kB[22m[1m[22m[2m Γöé gzip:   4.37 kB[22m
[2mpublic/build/[22m[36massets/Index-X7TDkhK9.js                                        [39m[1m[2m 13.96 kB[22m[1m[22m[2m Γöé gzip:   3.98 kB[22m
[2mpublic/build/[22m[36massets/Index-cFEKEiiS.js                                        [39m[1m[2m 14.03 kB[22m[1m[22m[2m Γöé gzip:   4.24 kB[22m
[2mpublic/build/[22m[36massets/Index-DwC07rrt.js                                        [39m[1m[2m 14.04 kB[22m[1m[22m[2m Γöé gzip:   4.07 kB[22m
[2mpublic/build/[22m[36massets/ManageOutletBudgets-C43HRbv5.js                          [39m[1m[2m 14.07 kB[22m[1m[22m[2m Γöé gzip:   3.82 kB[22m
[2mpublic/build/[22m[36massets/ArchivedCourses-Bh1N-S2x.js                              [39m[1m[2m 14.10 kB[22m[1m[22m[2m Γöé gzip:   4.23 kB[22m
[2mpublic/build/[22m[36massets/Index-DBC7wuvO.js                                        [39m[1m[2m 14.20 kB[22m[1m[22m[2m Γöé gzip:   4.36 kB[22m
[2mpublic/build/[22m[36massets/CreateTaskModal-Cp6TIw6v.js                              [39m[1m[2m 14.23 kB[22m[1m[22m[2m Γöé gzip:   4.71 kB[22m
[2mpublic/build/[22m[36massets/Index-C9xT_do8.js                                        [39m[1m[2m 14.28 kB[22m[1m[22m[2m Γöé gzip:   4.99 kB[22m
[2mpublic/build/[22m[36massets/Index-BRdcGWdk.js                                        [39m[1m[2m 14.30 kB[22m[1m[22m[2m Γöé gzip:   4.20 kB[22m
[2mpublic/build/[22m[36massets/Index-Cc_15OTA.js                                        [39m[1m[2m 14.35 kB[22m[1m[22m[2m Γöé gzip:   4.42 kB[22m
[2mpublic/build/[22m[36massets/Calendar-BrkAI2b-.js                                     [39m[1m[2m 14.62 kB[22m[1m[22m[2m Γöé gzip:   4.94 kB[22m
[2mpublic/build/[22m[36massets/Form-gc4CU5pG.js                                         [39m[1m[2m 14.63 kB[22m[1m[22m[2m Γöé gzip:   4.56 kB[22m
[2mpublic/build/[22m[36massets/Form-JCuu6_1h.js                                         [39m[1m[2m 14.66 kB[22m[1m[22m[2m Γöé gzip:   4.41 kB[22m
[2mpublic/build/[22m[36massets/OutletDashboard-z4VTrMxH.js                              [39m[1m[2m 14.67 kB[22m[1m[22m[2m Γöé gzip:   4.63 kB[22m
[2mpublic/build/[22m[36massets/ReportBankTransaction-D-L26oEx.js                        [39m[1m[2m 14.71 kB[22m[1m[22m[2m Γöé gzip:   4.03 kB[22m
[2mpublic/build/[22m[36massets/OutletDetailsModal-Brc5s1wT.js                           [39m[1m[2m 14.78 kB[22m[1m[22m[2m Γöé gzip:   4.04 kB[22m
[2mpublic/build/[22m[36massets/Form-6fIl5haO.js                                         [39m[1m[2m 14.92 kB[22m[1m[22m[2m Γöé gzip:   4.27 kB[22m
[2mpublic/build/[22m[36massets/Index-CczRbpyU.js                                        [39m[1m[2m 14.96 kB[22m[1m[22m[2m Γöé gzip:   4.47 kB[22m
[2mpublic/build/[22m[36massets/Show-B5eo6Lmc.js                                         [39m[1m[2m 15.18 kB[22m[1m[22m[2m Γöé gzip:   4.02 kB[22m
[2mpublic/build/[22m[36massets/Index-Cn8ShGfC.js                                        [39m[1m[2m 15.24 kB[22m[1m[22m[2m Γöé gzip:   4.36 kB[22m
[2mpublic/build/[22m[36massets/Edit-Bg4Pi5iZ.js                                         [39m[1m[2m 15.31 kB[22m[1m[22m[2m Γöé gzip:   4.44 kB[22m
[2mpublic/build/[22m[36massets/ReportUniversal-Cp75Oi_a.js                              [39m[1m[2m 15.32 kB[22m[1m[22m[2m Γöé gzip:   4.84 kB[22m
[2mpublic/build/[22m[36massets/Edit-BBJlXY2y.js                                         [39m[1m[2m 15.51 kB[22m[1m[22m[2m Γöé gzip:   4.29 kB[22m
[2mpublic/build/[22m[36massets/Show-C4R1fbU2.js                                         [39m[1m[2m 15.52 kB[22m[1m[22m[2m Γöé gzip:   4.76 kB[22m
[2mpublic/build/[22m[36massets/Index-CjvkH7VJ.js                                        [39m[1m[2m 15.55 kB[22m[1m[22m[2m Γöé gzip:   4.27 kB[22m
[2mpublic/build/[22m[36massets/Dashboard-2zg5bX0E.js                                    [39m[1m[2m 15.58 kB[22m[1m[22m[2m Γöé gzip:   3.90 kB[22m
[2mpublic/build/[22m[36massets/Index-BUElPojr.js                                        [39m[1m[2m 15.59 kB[22m[1m[22m[2m Γöé gzip:   5.37 kB[22m
[2mpublic/build/[22m[36massets/ActivityLog-ByPbN3LL.js                                  [39m[1m[2m 15.67 kB[22m[1m[22m[2m Γöé gzip:   3.80 kB[22m
[2mpublic/build/[22m[36massets/Show-BxT4zhZT.js                                         [39m[1m[2m 15.70 kB[22m[1m[22m[2m Γöé gzip:   4.23 kB[22m
[2mpublic/build/[22m[36massets/Show-BlK153qP.js                                         [39m[1m[2m 15.72 kB[22m[1m[22m[2m Γöé gzip:   4.15 kB[22m
[2mpublic/build/[22m[36massets/InvitationModal-Uc8DbxHF.js                              [39m[1m[2m 15.75 kB[22m[1m[22m[2m Γöé gzip:   4.79 kB[22m
[2mpublic/build/[22m[36massets/Show-fHTphATO.js                                         [39m[1m[2m 15.97 kB[22m[1m[22m[2m Γöé gzip:   4.29 kB[22m
[2mpublic/build/[22m[36massets/ReportRekapDiskon-C8_I575D.js                            [39m[1m[2m 15.97 kB[22m[1m[22m[2m Γöé gzip:   4.47 kB[22m
[2mpublic/build/[22m[36massets/Form-IKQsdzeC.js                                         [39m[1m[2m 15.99 kB[22m[1m[22m[2m Γöé gzip:   5.18 kB[22m
[2mpublic/build/[22m[36massets/Detail-B-zsiuEm.js                                       [39m[1m[2m 16.05 kB[22m[1m[22m[2m Γöé gzip:   4.55 kB[22m
[2mpublic/build/[22m[36massets/Index-CVKbVfti.js                                        [39m[1m[2m 16.11 kB[22m[1m[22m[2m Γöé gzip:   4.57 kB[22m
[2mpublic/build/[22m[36massets/Gallery-byNdAp2L.js                                      [39m[1m[2m 16.11 kB[22m[1m[22m[2m Γöé gzip:   4.38 kB[22m
[2mpublic/build/[22m[36massets/Index-CUBEjn3-.js                                        [39m[1m[2m 16.20 kB[22m[1m[22m[2m Γöé gzip:   4.72 kB[22m
[2mpublic/build/[22m[36massets/Index-qtqnGwyv.js                                        [39m[1m[2m 16.21 kB[22m[1m[22m[2m Γöé gzip:   4.48 kB[22m
[2mpublic/build/[22m[36massets/NeracaSaldo-C7GWX8cf.js                                  [39m[1m[2m 16.25 kB[22m[1m[22m[2m Γöé gzip:   4.59 kB[22m
[2mpublic/build/[22m[36massets/Show-DAOXEAcG.js                                         [39m[1m[2m 16.41 kB[22m[1m[22m[2m Γöé gzip:   4.33 kB[22m
[2mpublic/build/[22m[36massets/Edit-DvMz4vao.js                                         [39m[1m[2m 16.45 kB[22m[1m[22m[2m Γöé gzip:   4.63 kB[22m
[2mpublic/build/[22m[36massets/ReportSalesPivotPerOutletSubCategory-CwScTVSV.js         [39m[1m[2m 16.48 kB[22m[1m[22m[2m Γöé gzip:   5.07 kB[22m
[2mpublic/build/[22m[36massets/PosDesignLayoutViewer-BxiL7Qdn.js                        [39m[1m[2m 16.55 kB[22m[1m[22m[2m Γöé gzip:   5.08 kB[22m
[2mpublic/build/[22m[36massets/ArusKas-laexl6ea.js                                      [39m[1m[2m 16.56 kB[22m[1m[22m[2m Γöé gzip:   4.14 kB[22m
[2mpublic/build/[22m[36massets/Index-CO7N7B9d.js                                        [39m[1m[2m 16.62 kB[22m[1m[22m[2m Γöé gzip:   3.45 kB[22m
[2mpublic/build/[22m[36massets/Index-D1DG0lUD.js                                        [39m[1m[2m 16.63 kB[22m[1m[22m[2m Γöé gzip:   4.92 kB[22m
[2mpublic/build/[22m[36massets/Master-Xfe5xuEK.js                                       [39m[1m[2m 16.71 kB[22m[1m[22m[2m Γöé gzip:   4.95 kB[22m
[2mpublic/build/[22m[36massets/Index-Bareu-VT.js                                        [39m[1m[2m 16.77 kB[22m[1m[22m[2m Γöé gzip:   4.75 kB[22m
[2mpublic/build/[22m[36massets/Index-CV5VkAB2.js                                        [39m[1m[2m 16.78 kB[22m[1m[22m[2m Γöé gzip:   5.09 kB[22m
[2mpublic/build/[22m[36massets/Show-BAjrvDR9.js                                         [39m[1m[2m 16.78 kB[22m[1m[22m[2m Γöé gzip:   4.55 kB[22m
[2mpublic/build/[22m[36massets/Form-38LrlEcq.js                                         [39m[1m[2m 16.88 kB[22m[1m[22m[2m Γöé gzip:   5.47 kB[22m
[2mpublic/build/[22m[36massets/ReportSalesSimple-Cew9_KT-.js                            [39m[1m[2m 16.99 kB[22m[1m[22m[2m Γöé gzip:   5.34 kB[22m
[2mpublic/build/[22m[36massets/Form-DDdQ9shw.js                                         [39m[1m[2m 17.04 kB[22m[1m[22m[2m Γöé gzip:   4.74 kB[22m
[2mpublic/build/[22m[36massets/Index-9cI_w6x5.js                                        [39m[1m[2m 17.08 kB[22m[1m[22m[2m Γöé gzip:   4.58 kB[22m
[2mpublic/build/[22m[36massets/Index-D-4dFmFq.js                                        [39m[1m[2m 17.25 kB[22m[1m[22m[2m Γöé gzip:   4.64 kB[22m
[2mpublic/build/[22m[36massets/Index-uiRXwIHg.js                                        [39m[1m[2m 17.34 kB[22m[1m[22m[2m Γöé gzip:   4.76 kB[22m
[2mpublic/build/[22m[36massets/ChartOfAccountFormModal-CHNBa9DG.js                      [39m[1m[2m 17.34 kB[22m[1m[22m[2m Γöé gzip:   4.76 kB[22m
[2mpublic/build/[22m[36massets/ManageQuestions-BOjSSmtX.js                              [39m[1m[2m 17.37 kB[22m[1m[22m[2m Γöé gzip:   4.55 kB[22m
[2mpublic/build/[22m[36massets/Form-4EfCSgXM.js                                         [39m[1m[2m 17.47 kB[22m[1m[22m[2m Γöé gzip:   5.53 kB[22m
[2mpublic/build/[22m[36massets/Create-BsHUSnXN.js                                       [39m[1m[2m 17.51 kB[22m[1m[22m[2m Γöé gzip:   3.96 kB[22m
[2mpublic/build/[22m[36massets/Form-BmecBBw7.js                                         [39m[1m[2m 17.62 kB[22m[1m[22m[2m Γöé gzip:   5.58 kB[22m
[2mpublic/build/[22m[36massets/EmployeeSummary-DnU7TYBn.js                              [39m[1m[2m 17.84 kB[22m[1m[22m[2m Γöé gzip:   4.92 kB[22m
[2mpublic/build/[22m[36massets/Create-CpU5DsCJ.js                                       [39m[1m[2m 17.89 kB[22m[1m[22m[2m Γöé gzip:   5.43 kB[22m
[2mpublic/build/[22m[36massets/AIAnalytics-BGV3FKqu.js                                  [39m[1m[2m 18.00 kB[22m[1m[22m[2m Γöé gzip:   5.49 kB[22m
[2mpublic/build/[22m[36massets/ReportInvoiceOutlet-DclljJlf.js                          [39m[1m[2m 18.05 kB[22m[1m[22m[2m Γöé gzip:   5.22 kB[22m
[2mpublic/build/[22m[36massets/Report-D3yguLgD.js                                       [39m[1m[2m 18.16 kB[22m[1m[22m[2m Γöé gzip:   4.84 kB[22m
[2mpublic/build/[22m[36massets/Index-C9PuyxW2.js                                        [39m[1m[2m 18.29 kB[22m[1m[22m[2m Γöé gzip:   5.28 kB[22m
[2mpublic/build/[22m[36massets/Index-CtFBB5Oe.js                                        [39m[1m[2m 18.29 kB[22m[1m[22m[2m Γöé gzip:   5.01 kB[22m
[2mpublic/build/[22m[36massets/Form-BoEj7081.js                                         [39m[1m[2m 18.33 kB[22m[1m[22m[2m Γöé gzip:   5.62 kB[22m
[2mpublic/build/[22m[36massets/Index-uT1vX4CB.js                                        [39m[1m[2m 18.41 kB[22m[1m[22m[2m Γöé gzip:   4.71 kB[22m
[2mpublic/build/[22m[36massets/Form-bq8YNgL8.js                                         [39m[1m[2m 18.46 kB[22m[1m[22m[2m Γöé gzip:   5.73 kB[22m
[2mpublic/build/[22m[36massets/Show-sdQJHsyX.js                                         [39m[1m[2m 18.49 kB[22m[1m[22m[2m Γöé gzip:   5.80 kB[22m
[2mpublic/build/[22m[36massets/ReportUniversal-B23gsqeL.js                              [39m[1m[2m 18.49 kB[22m[1m[22m[2m Γöé gzip:   5.29 kB[22m
[2mpublic/build/[22m[36massets/Index-82AWA_oX.js                                        [39m[1m[2m 18.50 kB[22m[1m[22m[2m Γöé gzip:   4.57 kB[22m
[2mpublic/build/[22m[36massets/PrintStruk-DlARcm7Z.js                                   [39m[1m[2m 18.52 kB[22m[1m[22m[2m Γöé gzip:   6.90 kB[22m
[2mpublic/build/[22m[36massets/CPA-DZ4nEcnB.js                                          [39m[1m[2m 18.54 kB[22m[1m[22m[2m Γöé gzip:   5.99 kB[22m
[2mpublic/build/[22m[36massets/Show-D2AdxpQ9.js                                         [39m[1m[2m 18.59 kB[22m[1m[22m[2m Γöé gzip:   4.99 kB[22m
[2mpublic/build/[22m[36massets/PurchaseRequisitionListModal-BZ5qD4R7.js                 [39m[1m[2m 18.62 kB[22m[1m[22m[2m Γöé gzip:   4.95 kB[22m
[2mpublic/build/[22m[36massets/Report-DEQnfTRM.js                                       [39m[1m[2m 18.71 kB[22m[1m[22m[2m Γöé gzip:   4.89 kB[22m
[2mpublic/build/[22m[36massets/Index-BRgXD4So.js                                        [39m[1m[2m 18.78 kB[22m[1m[22m[2m Γöé gzip:   5.03 kB[22m
[2mpublic/build/[22m[36massets/Show-Bzyc9kp8.js                                         [39m[1m[2m 18.86 kB[22m[1m[22m[2m Γöé gzip:   4.97 kB[22m
[2mpublic/build/[22m[36massets/vue-multiselect.esm-CRgZ-KOR.js                          [39m[1m[2m 18.88 kB[22m[1m[22m[2m Γöé gzip:   5.46 kB[22m
[2mpublic/build/[22m[36massets/StockPosition-DnlhBilo.js                                [39m[1m[2m 18.94 kB[22m[1m[22m[2m Γöé gzip:   5.58 kB[22m
[2mpublic/build/[22m[36massets/Report-C-gRiSPH.js                                       [39m[1m[2m 18.96 kB[22m[1m[22m[2m Γöé gzip:   5.02 kB[22m
[2mpublic/build/[22m[36massets/Form-AO722Zfi.js                                         [39m[1m[2m 18.98 kB[22m[1m[22m[2m Γöé gzip:   6.13 kB[22m
[2mpublic/build/[22m[36massets/PRTrackingReport-BvH_eMw4.js                             [39m[1m[2m 19.05 kB[22m[1m[22m[2m Γöé gzip:   5.36 kB[22m
[2mpublic/build/[22m[36massets/EditPurchaseOrderFoods-CJqf8lzt.js                       [39m[1m[2m 19.13 kB[22m[1m[22m[2m Γöé gzip:   5.93 kB[22m
[2mpublic/build/[22m[36massets/GSIDashboard-DebX1QQP.js                                 [39m[1m[2m 19.69 kB[22m[1m[22m[2m Γöé gzip:   5.58 kB[22m
[2mpublic/build/[22m[36massets/Create-6Sg5QZvG.js                                       [39m[1m[2m 19.83 kB[22m[1m[22m[2m Γöé gzip:   5.32 kB[22m
[2mpublic/build/[22m[36massets/Edit-yokDjmV2.js                                         [39m[1m[2m 19.93 kB[22m[1m[22m[2m Γöé gzip:   5.78 kB[22m
[2mpublic/build/[22m[36massets/ReportMonthlyFbRevenuePerformance-r8QZIocx.js            [39m[1m[2m 20.03 kB[22m[1m[22m[2m Γöé gzip:   3.94 kB[22m
[2mpublic/build/[22m[36massets/Create-51Aky6Nj.js                                       [39m[1m[2m 20.06 kB[22m[1m[22m[2m Γöé gzip:   4.65 kB[22m
[2mpublic/build/[22m[36massets/BukuBesar-BZrOkSar.js                                    [39m[1m[2m 20.07 kB[22m[1m[22m[2m Γöé gzip:   5.25 kB[22m
[2mpublic/build/[22m[36massets/Show-Brtc5mmT.js                                         [39m[1m[2m 20.12 kB[22m[1m[22m[2m Γöé gzip:   5.09 kB[22m
[2mpublic/build/[22m[36massets/Edit-BTIXRrZ7.js                                         [39m[1m[2m 20.13 kB[22m[1m[22m[2m Γöé gzip:   5.20 kB[22m
[2mpublic/build/[22m[36massets/PointManagement-qB4H6iYR.js                              [39m[1m[2m 20.56 kB[22m[1m[22m[2m Γöé gzip:   5.36 kB[22m
[2mpublic/build/[22m[36massets/MenuCost-8CAdzNfs.js                                     [39m[1m[2m 20.71 kB[22m[1m[22m[2m Γöé gzip:   4.97 kB[22m
[2mpublic/build/[22m[36massets/Edit-BiyGIdl5.js                                         [39m[1m[2m 20.97 kB[22m[1m[22m[2m Γöé gzip:   4.91 kB[22m
[2mpublic/build/[22m[36massets/Show-CI8sIsqt.js                                         [39m[1m[2m 21.10 kB[22m[1m[22m[2m Γöé gzip:   5.18 kB[22m
[2mpublic/build/[22m[36massets/TrainingReport-CfMn8ZfY.js                               [39m[1m[2m 21.14 kB[22m[1m[22m[2m Γöé gzip:   4.89 kB[22m
[2mpublic/build/[22m[36massets/PurchaseOrderListModal-DPxaOPLx.js                       [39m[1m[2m 21.16 kB[22m[1m[22m[2m Γöé gzip:   6.04 kB[22m
[2mpublic/build/[22m[36massets/Edit-CHEQUbtQ.js                                         [39m[1m[2m 21.35 kB[22m[1m[22m[2m Γöé gzip:   6.04 kB[22m
[2mpublic/build/[22m[36massets/Report-CpnYNOAK.js                                       [39m[1m[2m 21.43 kB[22m[1m[22m[2m Γöé gzip:   6.49 kB[22m
[2mpublic/build/[22m[36massets/PostInspection-B3uM8IrT.js                               [39m[1m[2m 21.43 kB[22m[1m[22m[2m Γöé gzip:   5.53 kB[22m
[2mpublic/build/[22m[36massets/Form-B6mvjVp7.js                                         [39m[1m[2m 21.64 kB[22m[1m[22m[2m Γöé gzip:   6.45 kB[22m
[2mpublic/build/[22m[36massets/Index-Bv2jnjHn.js                                        [39m[1m[2m 21.82 kB[22m[1m[22m[2m Γöé gzip:   4.73 kB[22m
[2mpublic/build/[22m[36massets/purify.es-CQJ0hv7W.js                                    [39m[1m[2m 21.82 kB[22m[1m[22m[2m Γöé gzip:   8.58 kB[22m
[2mpublic/build/[22m[36massets/Index-BAXR2K7Y.js                                        [39m[1m[2m 21.83 kB[22m[1m[22m[2m Γöé gzip:   5.19 kB[22m
[2mpublic/build/[22m[36massets/Index-DpRv9MO8.js                                        [39m[1m[2m 22.16 kB[22m[1m[22m[2m Γöé gzip:   5.99 kB[22m
[2mpublic/build/[22m[36massets/Index-lTRhF6Yc.js                                        [39m[1m[2m 22.34 kB[22m[1m[22m[2m Γöé gzip:   5.65 kB[22m
[2mpublic/build/[22m[36massets/Form-BWhuj-6A.js                                         [39m[1m[2m 22.83 kB[22m[1m[22m[2m Γöé gzip:   7.04 kB[22m
[2mpublic/build/[22m[36massets/Create--ZlUovIz.js                                       [39m[1m[2m 23.14 kB[22m[1m[22m[2m Γöé gzip:   5.99 kB[22m
[2mpublic/build/[22m[36massets/Create-74H7e9cO.js                                       [39m[1m[2m 23.23 kB[22m[1m[22m[2m Γöé gzip:   7.47 kB[22m
[2mpublic/build/[22m[36massets/Create-nB0pDoMB.js                                       [39m[1m[2m 23.28 kB[22m[1m[22m[2m Γöé gzip:   6.65 kB[22m
[2mpublic/build/[22m[36massets/Inspect-91faP8_o.js                                      [39m[1m[2m 23.33 kB[22m[1m[22m[2m Γöé gzip:   7.47 kB[22m
[2mpublic/build/[22m[36massets/Form-Ck_NpmaR.js                                         [39m[1m[2m 23.55 kB[22m[1m[22m[2m Γöé gzip:   7.04 kB[22m
[2mpublic/build/[22m[36massets/Index-DTGQ12GX.js                                        [39m[1m[2m 23.87 kB[22m[1m[22m[2m Γöé gzip:   5.33 kB[22m
[2mpublic/build/[22m[36massets/Index-DO6g_G6h.js                                        [39m[1m[2m 24.04 kB[22m[1m[22m[2m Γöé gzip:   6.47 kB[22m
[2mpublic/build/[22m[36massets/Create-DFh4gGts.js                                       [39m[1m[2m 24.13 kB[22m[1m[22m[2m Γöé gzip:   6.95 kB[22m
[2mpublic/build/[22m[36massets/Edit-CYLm092P.js                                         [39m[1m[2m 24.20 kB[22m[1m[22m[2m Γöé gzip:   5.33 kB[22m
[2mpublic/build/[22m[36massets/Form-BMpODD2Y.js                                         [39m[1m[2m 25.01 kB[22m[1m[22m[2m Γöé gzip:   7.18 kB[22m
[2mpublic/build/[22m[36massets/Dashboard-CSs8yp8p.js                                    [39m[1m[2m 25.04 kB[22m[1m[22m[2m Γöé gzip:   5.83 kB[22m
[2mpublic/build/[22m[36massets/browser-NIsrALEa.js                                      [39m[1m[2m 25.38 kB[22m[1m[22m[2m Γöé gzip:   9.97 kB[22m
[2mpublic/build/[22m[36massets/AdminPanel-ByxfyhtS.js                                   [39m[1m[2m 25.45 kB[22m[1m[22m[2m Γöé gzip:   7.42 kB[22m
[2mpublic/build/[22m[36massets/AddFinding-FaaV_NWO.js                                   [39m[1m[2m 25.63 kB[22m[1m[22m[2m Γöé gzip:   7.32 kB[22m
[2mpublic/build/[22m[36massets/Index-C4-FtvZn.js                                        [39m[1m[2m 25.84 kB[22m[1m[22m[2m Γöé gzip:   6.93 kB[22m
[2mpublic/build/[22m[36massets/vue-easy-lightbox.esm.min-C5bxmxX9.js                    [39m[1m[2m 26.42 kB[22m[1m[22m[2m Γöé gzip:   8.42 kB[22m
[2mpublic/build/[22m[36massets/EmployeeTrainingReport-C5HNtuht.js                       [39m[1m[2m 26.53 kB[22m[1m[22m[2m Γöé gzip:   6.78 kB[22m
[2mpublic/build/[22m[36massets/Show-g95ObusB.js                                         [39m[1m[2m 26.56 kB[22m[1m[22m[2m Γöé gzip:   7.93 kB[22m
[2mpublic/build/[22m[36massets/Create-BGMCgq9h.js                                       [39m[1m[2m 26.80 kB[22m[1m[22m[2m Γöé gzip:   8.44 kB[22m
[2mpublic/build/[22m[36massets/Form-Cx637hzH.js                                         [39m[1m[2m 26.94 kB[22m[1m[22m[2m Γöé gzip:   7.37 kB[22m
[2mpublic/build/[22m[36massets/Edit-CQXE4UbW.js                                         [39m[1m[2m 27.07 kB[22m[1m[22m[2m Γöé gzip:   7.87 kB[22m
[2mpublic/build/[22m[36massets/PurchaseOrderFoods-CK4-NOMt.js                           [39m[1m[2m 27.32 kB[22m[1m[22m[2m Γöé gzip:   7.31 kB[22m
[2mpublic/build/[22m[36massets/Login-DgSmVf-p.js                                        [39m[1m[2m 27.66 kB[22m[1m[22m[2m Γöé gzip:   6.71 kB[22m
[2mpublic/build/[22m[36massets/CustomerAnalytics-D0Qsal7D.js                            [39m[1m[2m 27.75 kB[22m[1m[22m[2m Γöé gzip:   6.26 kB[22m
[2mpublic/build/[22m[36massets/ManageQuestions-GpssucEF.js                              [39m[1m[2m 27.78 kB[22m[1m[22m[2m Γöé gzip:   6.71 kB[22m
[2mpublic/build/[22m[36massets/TravelKasbonReport-DzfLYxUZ.js                           [39m[1m[2m 28.08 kB[22m[1m[22m[2m Γöé gzip:   7.33 kB[22m
[2mpublic/build/[22m[36massets/ChallengeForm-CkOKdnAg.js                                [39m[1m[2m 28.11 kB[22m[1m[22m[2m Γöé gzip:   5.63 kB[22m
[2mpublic/build/[22m[36massets/KanbanCard-BLSGHUMX.js                                   [39m[1m[2m 28.28 kB[22m[1m[22m[2m Γöé gzip:   8.11 kB[22m
[2mpublic/build/[22m[36massets/Index-D4SPbEDX.js                                        [39m[1m[2m 28.34 kB[22m[1m[22m[2m Γöé gzip:   6.11 kB[22m
[2mpublic/build/[22m[36massets/Show-Bs01oo2e.js                                         [39m[1m[2m 28.52 kB[22m[1m[22m[2m Γöé gzip:   6.72 kB[22m
[2mpublic/build/[22m[36massets/Index-DTcBxASR.js                                        [39m[1m[2m 28.69 kB[22m[1m[22m[2m Γöé gzip:   7.17 kB[22m
[2mpublic/build/[22m[36massets/PaymentTracker-CFCVOz3R.js                               [39m[1m[2m 29.29 kB[22m[1m[22m[2m Γöé gzip:   7.02 kB[22m
[2mpublic/build/[22m[36massets/Index-C-3u2PEc.js                                        [39m[1m[2m 29.54 kB[22m[1m[22m[2m Γöé gzip:   7.04 kB[22m
[2mpublic/build/[22m[36massets/Index-xN-JbHz2.js                                        [39m[1m[2m 30.03 kB[22m[1m[22m[2m Γöé gzip:   6.99 kB[22m
[2mpublic/build/[22m[36massets/Create-CqMvTPAv.js                                       [39m[1m[2m 30.28 kB[22m[1m[22m[2m Γöé gzip:   8.74 kB[22m
[2mpublic/build/[22m[36massets/Index-48AAVOGE.js                                        [39m[1m[2m 30.49 kB[22m[1m[22m[2m Γöé gzip:   8.40 kB[22m
[2mpublic/build/[22m[36massets/CreatePurchaseOrderFoods-CxC6Y__c.js                     [39m[1m[2m 31.41 kB[22m[1m[22m[2m Γöé gzip:   7.71 kB[22m
[2mpublic/build/[22m[36massets/Create-BOY90HjP.js                                       [39m[1m[2m 31.58 kB[22m[1m[22m[2m Γöé gzip:   7.39 kB[22m
[2mpublic/build/[22m[36massets/Form-DeMUX7aq.js                                         [39m[1m[2m 32.16 kB[22m[1m[22m[2m Γöé gzip:   8.02 kB[22m
[2mpublic/build/[22m[36massets/Edit-DD8QrN6w.js                                         [39m[1m[2m 32.64 kB[22m[1m[22m[2m Γöé gzip:   7.35 kB[22m
[2mpublic/build/[22m[36massets/Index-D_cyP3th.js                                        [39m[1m[2m 32.79 kB[22m[1m[22m[2m Γöé gzip:   8.52 kB[22m
[2mpublic/build/[22m[36massets/Index-DEAKN01F.js                                        [39m[1m[2m 33.18 kB[22m[1m[22m[2m Γöé gzip:   8.89 kB[22m
[2mpublic/build/[22m[36massets/ReportSalesPivotSpecial-BFaenAyC.js                      [39m[1m[2m 33.28 kB[22m[1m[22m[2m Γöé gzip:   7.02 kB[22m
[2mpublic/build/[22m[36massets/CourseEdit-DBQHvZfH.js                                   [39m[1m[2m 33.81 kB[22m[1m[22m[2m Γöé gzip:   7.79 kB[22m
[2mpublic/build/[22m[36massets/Index-CVuxjzdb.js                                        [39m[1m[2m 34.31 kB[22m[1m[22m[2m Γöé gzip:   9.47 kB[22m
[2mpublic/build/[22m[36massets/Show-B52P6T7c.js                                         [39m[1m[2m 34.43 kB[22m[1m[22m[2m Γöé gzip:   7.64 kB[22m
[2mpublic/build/[22m[36massets/List-D-NwMrwc.js                                         [39m[1m[2m 34.45 kB[22m[1m[22m[2m Γöé gzip:   9.41 kB[22m
[2mpublic/build/[22m[36massets/ItemFormModal-D3RcFu0n.js                                [39m[1m[2m 34.56 kB[22m[1m[22m[2m Γöé gzip:   8.28 kB[22m
[2mpublic/build/[22m[36massets/Create-DyU2PrcW.js                                       [39m[1m[2m 34.80 kB[22m[1m[22m[2m Γöé gzip:   9.09 kB[22m
[2mpublic/build/[22m[36massets/Index-tNoLlpYi.js                                        [39m[1m[2m 35.19 kB[22m[1m[22m[2m Γöé gzip:   9.83 kB[22m
[2mpublic/build/[22m[36massets/TrainingDetailModal-Cp52aJCS.js                          [39m[1m[2m 36.26 kB[22m[1m[22m[2m Γöé gzip:   8.04 kB[22m
[2mpublic/build/[22m[36massets/Form-8noVKroi.js                                         [39m[1m[2m 37.97 kB[22m[1m[22m[2m Γöé gzip:  10.31 kB[22m
[2mpublic/build/[22m[36massets/Form-C1zbbhWp.js                                         [39m[1m[2m 39.01 kB[22m[1m[22m[2m Γöé gzip:  11.19 kB[22m
[2mpublic/build/[22m[36massets/EditItemModal-CnHIxkAm.js                                [39m[1m[2m 39.30 kB[22m[1m[22m[2m Γöé gzip:   9.45 kB[22m
[2mpublic/build/[22m[36massets/Show-A6gV7p-J.js                                         [39m[1m[2m 39.43 kB[22m[1m[22m[2m Γöé gzip:  10.24 kB[22m
[2mpublic/build/[22m[36massets/CourseDetail-D-V44rL4.js                                 [39m[1m[2m 40.69 kB[22m[1m[22m[2m Γöé gzip:   8.61 kB[22m
[2mpublic/build/[22m[36massets/Index-CCXOJHxv.js                                        [39m[1m[2m 41.25 kB[22m[1m[22m[2m Γöé gzip:   9.27 kB[22m
[2mpublic/build/[22m[36massets/Show-BRU9SoK0.js                                         [39m[1m[2m 41.92 kB[22m[1m[22m[2m Γöé gzip:   9.60 kB[22m
[2mpublic/build/[22m[36massets/vendor-ui-dZ9Zrgnf.js                                    [39m[1m[2m 42.98 kB[22m[1m[22m[2m Γöé gzip:  15.41 kB[22m
[2mpublic/build/[22m[36massets/VueTimepicker-4A9xgmV7.js                                [39m[1m[2m 43.62 kB[22m[1m[22m[2m Γöé gzip:  11.40 kB[22m
[2mpublic/build/[22m[36massets/Index-Di1r1gSI.js                                        [39m[1m[2m 46.18 kB[22m[1m[22m[2m Γöé gzip:  12.54 kB[22m
[2mpublic/build/[22m[36massets/Index-ORWnHlPb.js                                        [39m[1m[2m 46.79 kB[22m[1m[22m[2m Γöé gzip:  12.48 kB[22m
[2mpublic/build/[22m[36massets/Index-Cl00KRpf.js                                        [39m[1m[2m 51.74 kB[22m[1m[22m[2m Γöé gzip:  11.97 kB[22m
[2mpublic/build/[22m[36massets/Index-DTzotNds.js                                        [39m[1m[2m 54.59 kB[22m[1m[22m[2m Γöé gzip:  13.40 kB[22m
[2mpublic/build/[22m[36massets/Report-JlpsNEvR.js                                       [39m[1m[2m 55.20 kB[22m[1m[22m[2m Γöé gzip:  10.60 kB[22m
[2mpublic/build/[22m[36massets/Report-LuEpFqqp.js                                       [39m[1m[2m 55.79 kB[22m[1m[22m[2m Γöé gzip:  12.59 kB[22m
[2mpublic/build/[22m[36massets/vendor-utils-CpgP2uT4.js                                 [39m[1m[2m 57.55 kB[22m[1m[22m[2m Γöé gzip:  20.46 kB[22m
[2mpublic/build/[22m[36massets/Form-Bw4qmPCz.js                                         [39m[1m[2m 58.17 kB[22m[1m[22m[2m Γöé gzip:  13.53 kB[22m
[2mpublic/build/[22m[36massets/Index-CP74gtbH.js                                        [39m[1m[2m 61.76 kB[22m[1m[22m[2m Γöé gzip:  13.65 kB[22m
[2mpublic/build/[22m[36massets/JsBarcode-t-hmhPm-.js                                    [39m[1m[2m 62.20 kB[22m[1m[22m[2m Γöé gzip:  13.33 kB[22m
[2mpublic/build/[22m[36massets/ProfileUpdateModal-BtimCFci.js                           [39m[1m[2m 68.69 kB[22m[1m[22m[2m Γöé gzip:  19.65 kB[22m
[2mpublic/build/[22m[36massets/Index-C_Qdmv9z.js                                        [39m[1m[2m 69.16 kB[22m[1m[22m[2m Γöé gzip:  16.03 kB[22m
[2mpublic/build/[22m[36massets/lodash-qqBouD3a.js                                       [39m[1m[2m 72.06 kB[22m[1m[22m[2m Γöé gzip:  26.70 kB[22m
[2mpublic/build/[22m[36massets/Create-CqLnvdwh.js                                       [39m[1m[2m 72.92 kB[22m[1m[22m[2m Γöé gzip:  16.31 kB[22m
[2mpublic/build/[22m[36massets/Report-CkpjsLSa.js                                       [39m[1m[2m 79.91 kB[22m[1m[22m[2m Γöé gzip:  14.89 kB[22m
[2mpublic/build/[22m[36massets/Courses-DkRYkvkS.js                                      [39m[1m[2m 81.90 kB[22m[1m[22m[2m Γöé gzip:  17.84 kB[22m
[2mpublic/build/[22m[36massets/Dashboard-DniOu1dG.js                                    [39m[1m[2m 89.83 kB[22m[1m[22m[2m Γöé gzip:  18.38 kB[22m
[2mpublic/build/[22m[36massets/Dashboard-BuIoadwY.js                                    [39m[1m[2m110.44 kB[22m[1m[22m[2m Γöé gzip:  20.06 kB[22m
[2mpublic/build/[22m[36massets/Create-BKG0qgrI.js                                       [39m[1m[2m118.48 kB[22m[1m[22m[2m Γöé gzip:  22.97 kB[22m
[2mpublic/build/[22m[36massets/Index-BXAvd5or.js                                        [39m[1m[2m118.52 kB[22m[1m[22m[2m Γöé gzip:  20.14 kB[22m
[2mpublic/build/[22m[36massets/Edit-DgrJw58q.js                                         [39m[1m[2m121.32 kB[22m[1m[22m[2m Γöé gzip:  23.73 kB[22m
[2mpublic/build/[22m[36massets/OutletMapDashboard-BLhxXeRu.js                           [39m[1m[2m152.16 kB[22m[1m[22m[2m Γöé gzip:  44.71 kB[22m
[2mpublic/build/[22m[36massets/index.es-E171Nnqd.js                                     [39m[1m[2m158.75 kB[22m[1m[22m[2m Γöé gzip:  53.15 kB[22m
[2mpublic/build/[22m[36massets/vendor-vue-OECfU-Pf.js                                   [39m[1m[2m182.21 kB[22m[1m[22m[2m Γöé gzip:  64.42 kB[22m
[2mpublic/build/[22m[36massets/Index-BlXrxdY-.js                                        [39m[1m[2m184.70 kB[22m[1m[22m[2m Γöé gzip:  31.16 kB[22m
[2mpublic/build/[22m[36massets/index-BDATjFWy.js                                        [39m[1m[2m189.41 kB[22m[1m[22m[2m Γöé gzip:  57.95 kB[22m
[2mpublic/build/[22m[36massets/html2canvas.esm-CBrSDip1.js                              [39m[1m[2m202.30 kB[22m[1m[22m[2m Γöé gzip:  48.03 kB[22m
[2mpublic/build/[22m[36massets/AppLayout-ks-8yt7l.js                                    [39m[1m[2m204.64 kB[22m[1m[22m[2m Γöé gzip:  48.10 kB[22m
[2mpublic/build/[22m[36massets/app-DzGfTc4r.js                                          [39m[1m[2m282.36 kB[22m[1m[22m[2m Γöé gzip:  75.63 kB[22m
[2mpublic/build/[22m[36massets/jspdf.es.min-Bj1HRu51.js                                 [39m[1m[2m357.46 kB[22m[1m[22m[2m Γöé gzip: 117.83 kB[22m
[2mpublic/build/[22m[36massets/Home-yze8OLqa.js                                         [39m[1m[2m554.39 kB[22m[1m[22m[2m Γöé gzip:  99.68 kB[22m
[2mpublic/build/[22m[36massets/vendor-charts-DVKQY0GN.js                                [39m[1m[2m577.02 kB[22m[1m[22m[2m Γöé gzip: 157.00 kB[22m
[2mpublic/build/[22m[36massets/RevenueReportModal-D25MhpUO.js                           [39m[1m[2m968.45 kB[22m[1m[22m[2m Γöé gzip: 279.03 kB[22m
[32mΓ£ô built in 22.17s[39m
